[2026-05-26T03:18:43.403+0000] {processor.py:161} INFO - Started process (PID=226) to work on /opt/airflow/dags/weekly_forecast_dag.py
[2026-05-26T03:18:43.405+0000] {processor.py:830} INFO - Processing file /opt/airflow/dags/weekly_forecast_dag.py for tasks to queue
[2026-05-26T03:18:43.406+0000] {logging_mixin.py:188} INFO - [2026-05-26T03:18:43.406+0000] {dagbag.py:538} INFO - Filling up the DagBag from /opt/airflow/dags/weekly_forecast_dag.py
[2026-05-26T03:18:45.337+0000] {processor.py:840} INFO - DAG(s) 'weekly_forecast_pipeline' retrieved from /opt/airflow/dags/weekly_forecast_dag.py
[2026-05-26T03:18:45.706+0000] {logging_mixin.py:188} INFO - [2026-05-26T03:18:45.706+0000] {dag.py:3036} INFO - Sync 1 DAGs
[2026-05-26T03:18:45.735+0000] {logging_mixin.py:188} INFO - [2026-05-26T03:18:45.735+0000] {dag.py:3823} INFO - Setting next_dagrun for weekly_forecast_pipeline to 2026-05-31 23:00:00+00:00, run_after=2026-06-07 23:00:00+00:00
[2026-05-26T03:18:45.763+0000] {processor.py:183} INFO - Processing /opt/airflow/dags/weekly_forecast_dag.py took 2.365 seconds
[2026-05-26T03:19:16.004+0000] {processor.py:161} INFO - Started process (PID=232) to work on /opt/airflow/dags/weekly_forecast_dag.py
[2026-05-26T03:19:16.006+0000] {processor.py:830} INFO - Processing file /opt/airflow/dags/weekly_forecast_dag.py for tasks to queue
[2026-05-26T03:19:16.007+0000] {logging_mixin.py:188} INFO - [2026-05-26T03:19:16.007+0000] {dagbag.py:538} INFO - Filling up the DagBag from /opt/airflow/dags/weekly_forecast_dag.py
[2026-05-26T03:19:16.536+0000] {processor.py:840} INFO - DAG(s) 'weekly_forecast_pipeline' retrieved from /opt/airflow/dags/weekly_forecast_dag.py
[2026-05-26T03:19:16.569+0000] {logging_mixin.py:188} INFO - [2026-05-26T03:19:16.568+0000] {dag.py:3036} INFO - Sync 1 DAGs
[2026-05-26T03:19:16.592+0000] {logging_mixin.py:188} INFO - [2026-05-26T03:19:16.592+0000] {dag.py:3823} INFO - Setting next_dagrun for weekly_forecast_pipeline to 2026-05-31 23:00:00+00:00, run_after=2026-06-07 23:00:00+00:00
[2026-05-26T03:19:16.612+0000] {processor.py:183} INFO - Processing /opt/airflow/dags/weekly_forecast_dag.py took 0.613 seconds
[2026-05-26T03:19:46.795+0000] {processor.py:161} INFO - Started process (PID=238) to work on /opt/airflow/dags/weekly_forecast_dag.py
[2026-05-26T03:19:46.797+0000] {processor.py:830} INFO - Processing file /opt/airflow/dags/weekly_forecast_dag.py for tasks to queue
[2026-05-26T03:19:46.798+0000] {logging_mixin.py:188} INFO - [2026-05-26T03:19:46.798+0000] {dagbag.py:538} INFO - Filling up the DagBag from /opt/airflow/dags/weekly_forecast_dag.py
[2026-05-26T03:19:47.389+0000] {processor.py:840} INFO - DAG(s) 'weekly_forecast_pipeline' retrieved from /opt/airflow/dags/weekly_forecast_dag.py
[2026-05-26T03:19:47.427+0000] {logging_mixin.py:188} INFO - [2026-05-26T03:19:47.426+0000] {dag.py:3036} INFO - Sync 1 DAGs
[2026-05-26T03:19:47.452+0000] {logging_mixin.py:188} INFO - [2026-05-26T03:19:47.452+0000] {dag.py:3823} INFO - Setting next_dagrun for weekly_forecast_pipeline to 2026-05-31 23:00:00+00:00, run_after=2026-06-07 23:00:00+00:00
[2026-05-26T03:19:47.474+0000] {processor.py:183} INFO - Processing /opt/airflow/dags/weekly_forecast_dag.py took 0.683 seconds
[2026-05-26T03:20:17.670+0000] {processor.py:161} INFO - Started process (PID=244) to work on /opt/airflow/dags/weekly_forecast_dag.py
[2026-05-26T03:20:17.671+0000] {processor.py:830} INFO - Processing file /opt/airflow/dags/weekly_forecast_dag.py for tasks to queue
[2026-05-26T03:20:17.672+0000] {logging_mixin.py:188} INFO - [2026-05-26T03:20:17.672+0000] {dagbag.py:538} INFO - Filling up the DagBag from /opt/airflow/dags/weekly_forecast_dag.py
[2026-05-26T03:20:18.132+0000] {processor.py:840} INFO - DAG(s) 'weekly_forecast_pipeline' retrieved from /opt/airflow/dags/weekly_forecast_dag.py
[2026-05-26T03:20:18.159+0000] {logging_mixin.py:188} INFO - [2026-05-26T03:20:18.159+0000] {dag.py:3036} INFO - Sync 1 DAGs
[2026-05-26T03:20:18.181+0000] {logging_mixin.py:188} INFO - [2026-05-26T03:20:18.181+0000] {dag.py:3823} INFO - Setting next_dagrun for weekly_forecast_pipeline to 2026-05-31 23:00:00+00:00, run_after=2026-06-07 23:00:00+00:00
[2026-05-26T03:20:18.199+0000] {processor.py:183} INFO - Processing /opt/airflow/dags/weekly_forecast_dag.py took 0.535 seconds
[2026-05-26T03:20:48.380+0000] {processor.py:161} INFO - Started process (PID=250) to work on /opt/airflow/dags/weekly_forecast_dag.py
[2026-05-26T03:20:48.381+0000] {processor.py:830} INFO - Processing file /opt/airflow/dags/weekly_forecast_dag.py for tasks to queue
[2026-05-26T03:20:48.382+0000] {logging_mixin.py:188} INFO - [2026-05-26T03:20:48.381+0000] {dagbag.py:538} INFO - Filling up the DagBag from /opt/airflow/dags/weekly_forecast_dag.py
[2026-05-26T03:20:48.836+0000] {processor.py:840} INFO - DAG(s) 'weekly_forecast_pipeline' retrieved from /opt/airflow/dags/weekly_forecast_dag.py
[2026-05-26T03:20:48.865+0000] {logging_mixin.py:188} INFO - [2026-05-26T03:20:48.865+0000] {dag.py:3036} INFO - Sync 1 DAGs
[2026-05-26T03:20:48.886+0000] {logging_mixin.py:188} INFO - [2026-05-26T03:20:48.886+0000] {dag.py:3823} INFO - Setting next_dagrun for weekly_forecast_pipeline to 2026-05-31 23:00:00+00:00, run_after=2026-06-07 23:00:00+00:00
[2026-05-26T03:20:48.905+0000] {processor.py:183} INFO - Processing /opt/airflow/dags/weekly_forecast_dag.py took 0.530 seconds
[2026-05-26T03:21:19.102+0000] {processor.py:161} INFO - Started process (PID=256) to work on /opt/airflow/dags/weekly_forecast_dag.py
[2026-05-26T03:21:19.103+0000] {processor.py:830} INFO - Processing file /opt/airflow/dags/weekly_forecast_dag.py for tasks to queue
[2026-05-26T03:21:19.104+0000] {logging_mixin.py:188} INFO - [2026-05-26T03:21:19.103+0000] {dagbag.py:538} INFO - Filling up the DagBag from /opt/airflow/dags/weekly_forecast_dag.py
[2026-05-26T03:21:19.532+0000] {processor.py:840} INFO - DAG(s) 'weekly_forecast_pipeline' retrieved from /opt/airflow/dags/weekly_forecast_dag.py
[2026-05-26T03:21:19.559+0000] {logging_mixin.py:188} INFO - [2026-05-26T03:21:19.558+0000] {dag.py:3036} INFO - Sync 1 DAGs
[2026-05-26T03:21:19.580+0000] {logging_mixin.py:188} INFO - [2026-05-26T03:21:19.580+0000] {dag.py:3823} INFO - Setting next_dagrun for weekly_forecast_pipeline to 2026-05-31 23:00:00+00:00, run_after=2026-06-07 23:00:00+00:00
[2026-05-26T03:21:19.598+0000] {processor.py:183} INFO - Processing /opt/airflow/dags/weekly_forecast_dag.py took 0.500 seconds
[2026-05-26T03:21:49.679+0000] {processor.py:161} INFO - Started process (PID=262) to work on /opt/airflow/dags/weekly_forecast_dag.py
[2026-05-26T03:21:49.680+0000] {processor.py:830} INFO - Processing file /opt/airflow/dags/weekly_forecast_dag.py for tasks to queue
[2026-05-26T03:21:49.681+0000] {logging_mixin.py:188} INFO - [2026-05-26T03:21:49.681+0000] {dagbag.py:538} INFO - Filling up the DagBag from /opt/airflow/dags/weekly_forecast_dag.py
[2026-05-26T03:21:50.126+0000] {processor.py:840} INFO - DAG(s) 'weekly_forecast_pipeline' retrieved from /opt/airflow/dags/weekly_forecast_dag.py
[2026-05-26T03:21:50.157+0000] {logging_mixin.py:188} INFO - [2026-05-26T03:21:50.156+0000] {dag.py:3036} INFO - Sync 1 DAGs
[2026-05-26T03:21:50.176+0000] {logging_mixin.py:188} INFO - [2026-05-26T03:21:50.176+0000] {dag.py:3823} INFO - Setting next_dagrun for weekly_forecast_pipeline to 2026-05-31 23:00:00+00:00, run_after=2026-06-07 23:00:00+00:00
[2026-05-26T03:21:50.197+0000] {processor.py:183} INFO - Processing /opt/airflow/dags/weekly_forecast_dag.py took 0.522 seconds
[2026-05-26T03:22:20.381+0000] {processor.py:161} INFO - Started process (PID=268) to work on /opt/airflow/dags/weekly_forecast_dag.py
[2026-05-26T03:22:20.383+0000] {processor.py:830} INFO - Processing file /opt/airflow/dags/weekly_forecast_dag.py for tasks to queue
[2026-05-26T03:22:20.384+0000] {logging_mixin.py:188} INFO - [2026-05-26T03:22:20.384+0000] {dagbag.py:538} INFO - Filling up the DagBag from /opt/airflow/dags/weekly_forecast_dag.py
[2026-05-26T03:22:20.884+0000] {processor.py:840} INFO - DAG(s) 'weekly_forecast_pipeline' retrieved from /opt/airflow/dags/weekly_forecast_dag.py
[2026-05-26T03:22:20.910+0000] {logging_mixin.py:188} INFO - [2026-05-26T03:22:20.910+0000] {dag.py:3036} INFO - Sync 1 DAGs
[2026-05-26T03:22:20.929+0000] {logging_mixin.py:188} INFO - [2026-05-26T03:22:20.929+0000] {dag.py:3823} INFO - Setting next_dagrun for weekly_forecast_pipeline to 2026-05-31 23:00:00+00:00, run_after=2026-06-07 23:00:00+00:00
[2026-05-26T03:22:20.949+0000] {processor.py:183} INFO - Processing /opt/airflow/dags/weekly_forecast_dag.py took 0.572 seconds
[2026-05-26T03:22:51.068+0000] {processor.py:161} INFO - Started process (PID=274) to work on /opt/airflow/dags/weekly_forecast_dag.py
[2026-05-26T03:22:51.070+0000] {processor.py:830} INFO - Processing file /opt/airflow/dags/weekly_forecast_dag.py for tasks to queue
[2026-05-26T03:22:51.071+0000] {logging_mixin.py:188} INFO - [2026-05-26T03:22:51.071+0000] {dagbag.py:538} INFO - Filling up the DagBag from /opt/airflow/dags/weekly_forecast_dag.py
[2026-05-26T03:22:51.514+0000] {processor.py:840} INFO - DAG(s) 'weekly_forecast_pipeline' retrieved from /opt/airflow/dags/weekly_forecast_dag.py
[2026-05-26T03:22:51.542+0000] {logging_mixin.py:188} INFO - [2026-05-26T03:22:51.542+0000] {dag.py:3036} INFO - Sync 1 DAGs
[2026-05-26T03:22:51.562+0000] {logging_mixin.py:188} INFO - [2026-05-26T03:22:51.561+0000] {dag.py:3823} INFO - Setting next_dagrun for weekly_forecast_pipeline to 2026-05-31 23:00:00+00:00, run_after=2026-06-07 23:00:00+00:00
[2026-05-26T03:22:51.579+0000] {processor.py:183} INFO - Processing /opt/airflow/dags/weekly_forecast_dag.py took 0.516 seconds
[2026-05-26T03:23:21.776+0000] {processor.py:161} INFO - Started process (PID=280) to work on /opt/airflow/dags/weekly_forecast_dag.py
[2026-05-26T03:23:21.778+0000] {processor.py:830} INFO - Processing file /opt/airflow/dags/weekly_forecast_dag.py for tasks to queue
[2026-05-26T03:23:21.779+0000] {logging_mixin.py:188} INFO - [2026-05-26T03:23:21.779+0000] {dagbag.py:538} INFO - Filling up the DagBag from /opt/airflow/dags/weekly_forecast_dag.py
[2026-05-26T03:23:22.409+0000] {processor.py:840} INFO - DAG(s) 'weekly_forecast_pipeline' retrieved from /opt/airflow/dags/weekly_forecast_dag.py
[2026-05-26T03:23:22.452+0000] {logging_mixin.py:188} INFO - [2026-05-26T03:23:22.451+0000] {dag.py:3036} INFO - Sync 1 DAGs
[2026-05-26T03:23:22.482+0000] {logging_mixin.py:188} INFO - [2026-05-26T03:23:22.481+0000] {dag.py:3823} INFO - Setting next_dagrun for weekly_forecast_pipeline to 2026-05-31 23:00:00+00:00, run_after=2026-06-07 23:00:00+00:00
[2026-05-26T03:23:22.509+0000] {processor.py:183} INFO - Processing /opt/airflow/dags/weekly_forecast_dag.py took 0.738 seconds
[2026-05-26T03:23:52.696+0000] {processor.py:161} INFO - Started process (PID=286) to work on /opt/airflow/dags/weekly_forecast_dag.py
[2026-05-26T03:23:52.697+0000] {processor.py:830} INFO - Processing file /opt/airflow/dags/weekly_forecast_dag.py for tasks to queue
[2026-05-26T03:23:52.698+0000] {logging_mixin.py:188} INFO - [2026-05-26T03:23:52.698+0000] {dagbag.py:538} INFO - Filling up the DagBag from /opt/airflow/dags/weekly_forecast_dag.py
[2026-05-26T03:23:53.259+0000] {processor.py:840} INFO - DAG(s) 'weekly_forecast_pipeline' retrieved from /opt/airflow/dags/weekly_forecast_dag.py
[2026-05-26T03:23:53.299+0000] {logging_mixin.py:188} INFO - [2026-05-26T03:23:53.298+0000] {dag.py:3036} INFO - Sync 1 DAGs
[2026-05-26T03:23:53.326+0000] {logging_mixin.py:188} INFO - [2026-05-26T03:23:53.326+0000] {dag.py:3823} INFO - Setting next_dagrun for weekly_forecast_pipeline to 2026-05-31 23:00:00+00:00, run_after=2026-06-07 23:00:00+00:00
[2026-05-26T03:23:53.353+0000] {processor.py:183} INFO - Processing /opt/airflow/dags/weekly_forecast_dag.py took 0.664 seconds
[2026-05-26T03:24:23.564+0000] {processor.py:161} INFO - Started process (PID=295) to work on /opt/airflow/dags/weekly_forecast_dag.py
[2026-05-26T03:24:23.565+0000] {processor.py:830} INFO - Processing file /opt/airflow/dags/weekly_forecast_dag.py for tasks to queue
[2026-05-26T03:24:23.567+0000] {logging_mixin.py:188} INFO - [2026-05-26T03:24:23.566+0000] {dagbag.py:538} INFO - Filling up the DagBag from /opt/airflow/dags/weekly_forecast_dag.py
[2026-05-26T03:24:24.089+0000] {processor.py:840} INFO - DAG(s) 'weekly_forecast_pipeline' retrieved from /opt/airflow/dags/weekly_forecast_dag.py
[2026-05-26T03:24:24.118+0000] {logging_mixin.py:188} INFO - [2026-05-26T03:24:24.118+0000] {dag.py:3036} INFO - Sync 1 DAGs
[2026-05-26T03:24:24.162+0000] {processor.py:183} INFO - Processing /opt/airflow/dags/weekly_forecast_dag.py took 0.604 seconds
[2026-05-26T03:24:54.354+0000] {processor.py:161} INFO - Started process (PID=301) to work on /opt/airflow/dags/weekly_forecast_dag.py
[2026-05-26T03:24:54.355+0000] {processor.py:830} INFO - Processing file /opt/airflow/dags/weekly_forecast_dag.py for tasks to queue
[2026-05-26T03:24:54.356+0000] {logging_mixin.py:188} INFO - [2026-05-26T03:24:54.356+0000] {dagbag.py:538} INFO - Filling up the DagBag from /opt/airflow/dags/weekly_forecast_dag.py
[2026-05-26T03:24:54.807+0000] {processor.py:840} INFO - DAG(s) 'weekly_forecast_pipeline' retrieved from /opt/airflow/dags/weekly_forecast_dag.py
[2026-05-26T03:24:54.836+0000] {logging_mixin.py:188} INFO - [2026-05-26T03:24:54.836+0000] {dag.py:3036} INFO - Sync 1 DAGs
[2026-05-26T03:24:54.873+0000] {processor.py:183} INFO - Processing /opt/airflow/dags/weekly_forecast_dag.py took 0.523 seconds
[2026-05-26T03:25:25.070+0000] {processor.py:161} INFO - Started process (PID=307) to work on /opt/airflow/dags/weekly_forecast_dag.py
[2026-05-26T03:25:25.071+0000] {processor.py:830} INFO - Processing file /opt/airflow/dags/weekly_forecast_dag.py for tasks to queue
[2026-05-26T03:25:25.073+0000] {logging_mixin.py:188} INFO - [2026-05-26T03:25:25.072+0000] {dagbag.py:538} INFO - Filling up the DagBag from /opt/airflow/dags/weekly_forecast_dag.py
[2026-05-26T03:25:25.609+0000] {processor.py:840} INFO - DAG(s) 'weekly_forecast_pipeline' retrieved from /opt/airflow/dags/weekly_forecast_dag.py
[2026-05-26T03:25:25.639+0000] {logging_mixin.py:188} INFO - [2026-05-26T03:25:25.639+0000] {dag.py:3036} INFO - Sync 1 DAGs
[2026-05-26T03:25:25.681+0000] {processor.py:183} INFO - Processing /opt/airflow/dags/weekly_forecast_dag.py took 0.616 seconds
[2026-05-26T03:25:55.856+0000] {processor.py:161} INFO - Started process (PID=313) to work on /opt/airflow/dags/weekly_forecast_dag.py
[2026-05-26T03:25:55.857+0000] {processor.py:830} INFO - Processing file /opt/airflow/dags/weekly_forecast_dag.py for tasks to queue
[2026-05-26T03:25:55.858+0000] {logging_mixin.py:188} INFO - [2026-05-26T03:25:55.857+0000] {dagbag.py:538} INFO - Filling up the DagBag from /opt/airflow/dags/weekly_forecast_dag.py
[2026-05-26T03:25:56.341+0000] {processor.py:840} INFO - DAG(s) 'weekly_forecast_pipeline' retrieved from /opt/airflow/dags/weekly_forecast_dag.py
[2026-05-26T03:25:56.371+0000] {logging_mixin.py:188} INFO - [2026-05-26T03:25:56.370+0000] {dag.py:3036} INFO - Sync 1 DAGs
[2026-05-26T03:25:56.416+0000] {processor.py:183} INFO - Processing /opt/airflow/dags/weekly_forecast_dag.py took 0.563 seconds
[2026-05-26T03:26:26.619+0000] {processor.py:161} INFO - Started process (PID=319) to work on /opt/airflow/dags/weekly_forecast_dag.py
[2026-05-26T03:26:26.621+0000] {processor.py:830} INFO - Processing file /opt/airflow/dags/weekly_forecast_dag.py for tasks to queue
[2026-05-26T03:26:26.622+0000] {logging_mixin.py:188} INFO - [2026-05-26T03:26:26.621+0000] {dagbag.py:538} INFO - Filling up the DagBag from /opt/airflow/dags/weekly_forecast_dag.py
[2026-05-26T03:26:27.109+0000] {processor.py:840} INFO - DAG(s) 'weekly_forecast_pipeline' retrieved from /opt/airflow/dags/weekly_forecast_dag.py
[2026-05-26T03:26:27.141+0000] {logging_mixin.py:188} INFO - [2026-05-26T03:26:27.140+0000] {dag.py:3036} INFO - Sync 1 DAGs
[2026-05-26T03:26:27.185+0000] {processor.py:183} INFO - Processing /opt/airflow/dags/weekly_forecast_dag.py took 0.570 seconds
[2026-05-26T03:26:57.364+0000] {processor.py:161} INFO - Started process (PID=325) to work on /opt/airflow/dags/weekly_forecast_dag.py
[2026-05-26T03:26:57.365+0000] {processor.py:830} INFO - Processing file /opt/airflow/dags/weekly_forecast_dag.py for tasks to queue
[2026-05-26T03:26:57.366+0000] {logging_mixin.py:188} INFO - [2026-05-26T03:26:57.366+0000] {dagbag.py:538} INFO - Filling up the DagBag from /opt/airflow/dags/weekly_forecast_dag.py
[2026-05-26T03:26:57.963+0000] {processor.py:840} INFO - DAG(s) 'weekly_forecast_pipeline' retrieved from /opt/airflow/dags/weekly_forecast_dag.py
[2026-05-26T03:26:57.993+0000] {logging_mixin.py:188} INFO - [2026-05-26T03:26:57.992+0000] {dag.py:3036} INFO - Sync 1 DAGs
[2026-05-26T03:26:58.027+0000] {processor.py:183} INFO - Processing /opt/airflow/dags/weekly_forecast_dag.py took 0.668 seconds
[2026-05-26T03:27:28.226+0000] {processor.py:161} INFO - Started process (PID=331) to work on /opt/airflow/dags/weekly_forecast_dag.py
[2026-05-26T03:27:28.228+0000] {processor.py:830} INFO - Processing file /opt/airflow/dags/weekly_forecast_dag.py for tasks to queue
[2026-05-26T03:27:28.229+0000] {logging_mixin.py:188} INFO - [2026-05-26T03:27:28.229+0000] {dagbag.py:538} INFO - Filling up the DagBag from /opt/airflow/dags/weekly_forecast_dag.py
[2026-05-26T03:27:28.784+0000] {processor.py:840} INFO - DAG(s) 'weekly_forecast_pipeline' retrieved from /opt/airflow/dags/weekly_forecast_dag.py
[2026-05-26T03:27:28.824+0000] {logging_mixin.py:188} INFO - [2026-05-26T03:27:28.824+0000] {dag.py:3036} INFO - Sync 1 DAGs
[2026-05-26T03:27:28.880+0000] {processor.py:183} INFO - Processing /opt/airflow/dags/weekly_forecast_dag.py took 0.660 seconds
[2026-05-26T03:27:59.077+0000] {processor.py:161} INFO - Started process (PID=337) to work on /opt/airflow/dags/weekly_forecast_dag.py
[2026-05-26T03:27:59.078+0000] {processor.py:830} INFO - Processing file /opt/airflow/dags/weekly_forecast_dag.py for tasks to queue
[2026-05-26T03:27:59.079+0000] {logging_mixin.py:188} INFO - [2026-05-26T03:27:59.079+0000] {dagbag.py:538} INFO - Filling up the DagBag from /opt/airflow/dags/weekly_forecast_dag.py
[2026-05-26T03:27:59.549+0000] {processor.py:840} INFO - DAG(s) 'weekly_forecast_pipeline' retrieved from /opt/airflow/dags/weekly_forecast_dag.py
[2026-05-26T03:27:59.581+0000] {logging_mixin.py:188} INFO - [2026-05-26T03:27:59.580+0000] {dag.py:3036} INFO - Sync 1 DAGs
[2026-05-26T03:27:59.617+0000] {processor.py:183} INFO - Processing /opt/airflow/dags/weekly_forecast_dag.py took 0.543 seconds
[2026-05-26T03:29:54.681+0000] {processor.py:161} INFO - Started process (PID=224) to work on /opt/airflow/dags/weekly_forecast_dag.py
[2026-05-26T03:29:54.683+0000] {processor.py:830} INFO - Processing file /opt/airflow/dags/weekly_forecast_dag.py for tasks to queue
[2026-05-26T03:29:54.685+0000] {logging_mixin.py:188} INFO - [2026-05-26T03:29:54.685+0000] {dagbag.py:538} INFO - Filling up the DagBag from /opt/airflow/dags/weekly_forecast_dag.py
[2026-05-26T03:29:56.462+0000] {processor.py:840} INFO - DAG(s) 'weekly_forecast_pipeline' retrieved from /opt/airflow/dags/weekly_forecast_dag.py
[2026-05-26T03:29:56.795+0000] {logging_mixin.py:188} INFO - [2026-05-26T03:29:56.795+0000] {dag.py:3036} INFO - Sync 1 DAGs
[2026-05-26T03:29:56.848+0000] {processor.py:183} INFO - Processing /opt/airflow/dags/weekly_forecast_dag.py took 2.174 seconds
[2026-05-26T03:30:26.940+0000] {processor.py:161} INFO - Started process (PID=234) to work on /opt/airflow/dags/weekly_forecast_dag.py
[2026-05-26T03:30:26.942+0000] {processor.py:830} INFO - Processing file /opt/airflow/dags/weekly_forecast_dag.py for tasks to queue
[2026-05-26T03:30:26.943+0000] {logging_mixin.py:188} INFO - [2026-05-26T03:30:26.943+0000] {dagbag.py:538} INFO - Filling up the DagBag from /opt/airflow/dags/weekly_forecast_dag.py
[2026-05-26T03:30:27.488+0000] {processor.py:840} INFO - DAG(s) 'weekly_forecast_pipeline' retrieved from /opt/airflow/dags/weekly_forecast_dag.py
[2026-05-26T03:30:27.524+0000] {logging_mixin.py:188} INFO - [2026-05-26T03:30:27.524+0000] {dag.py:3036} INFO - Sync 1 DAGs
[2026-05-26T03:30:27.586+0000] {processor.py:183} INFO - Processing /opt/airflow/dags/weekly_forecast_dag.py took 0.650 seconds
[2026-05-26T03:30:57.850+0000] {processor.py:161} INFO - Started process (PID=240) to work on /opt/airflow/dags/weekly_forecast_dag.py
[2026-05-26T03:30:57.853+0000] {processor.py:830} INFO - Processing file /opt/airflow/dags/weekly_forecast_dag.py for tasks to queue
[2026-05-26T03:30:57.855+0000] {logging_mixin.py:188} INFO - [2026-05-26T03:30:57.854+0000] {dagbag.py:538} INFO - Filling up the DagBag from /opt/airflow/dags/weekly_forecast_dag.py
[2026-05-26T03:30:58.498+0000] {processor.py:840} INFO - DAG(s) 'weekly_forecast_pipeline' retrieved from /opt/airflow/dags/weekly_forecast_dag.py
[2026-05-26T03:30:58.543+0000] {logging_mixin.py:188} INFO - [2026-05-26T03:30:58.543+0000] {dag.py:3036} INFO - Sync 1 DAGs
[2026-05-26T03:30:58.601+0000] {processor.py:183} INFO - Processing /opt/airflow/dags/weekly_forecast_dag.py took 0.760 seconds
[2026-05-26T03:31:28.811+0000] {processor.py:161} INFO - Started process (PID=246) to work on /opt/airflow/dags/weekly_forecast_dag.py
[2026-05-26T03:31:28.813+0000] {processor.py:830} INFO - Processing file /opt/airflow/dags/weekly_forecast_dag.py for tasks to queue
[2026-05-26T03:31:28.815+0000] {logging_mixin.py:188} INFO - [2026-05-26T03:31:28.814+0000] {dagbag.py:538} INFO - Filling up the DagBag from /opt/airflow/dags/weekly_forecast_dag.py
[2026-05-26T03:31:29.299+0000] {processor.py:840} INFO - DAG(s) 'weekly_forecast_pipeline' retrieved from /opt/airflow/dags/weekly_forecast_dag.py
[2026-05-26T03:31:29.331+0000] {logging_mixin.py:188} INFO - [2026-05-26T03:31:29.331+0000] {dag.py:3036} INFO - Sync 1 DAGs
[2026-05-26T03:31:29.375+0000] {processor.py:183} INFO - Processing /opt/airflow/dags/weekly_forecast_dag.py took 0.569 seconds
[2026-05-26T03:31:59.585+0000] {processor.py:161} INFO - Started process (PID=252) to work on /opt/airflow/dags/weekly_forecast_dag.py
[2026-05-26T03:31:59.587+0000] {processor.py:830} INFO - Processing file /opt/airflow/dags/weekly_forecast_dag.py for tasks to queue
[2026-05-26T03:31:59.589+0000] {logging_mixin.py:188} INFO - [2026-05-26T03:31:59.588+0000] {dagbag.py:538} INFO - Filling up the DagBag from /opt/airflow/dags/weekly_forecast_dag.py
[2026-05-26T03:32:00.300+0000] {processor.py:840} INFO - DAG(s) 'weekly_forecast_pipeline' retrieved from /opt/airflow/dags/weekly_forecast_dag.py
[2026-05-26T03:32:00.340+0000] {logging_mixin.py:188} INFO - [2026-05-26T03:32:00.340+0000] {dag.py:3036} INFO - Sync 1 DAGs
[2026-05-26T03:32:00.386+0000] {processor.py:183} INFO - Processing /opt/airflow/dags/weekly_forecast_dag.py took 0.809 seconds
[2026-05-26T03:32:30.648+0000] {processor.py:161} INFO - Started process (PID=258) to work on /opt/airflow/dags/weekly_forecast_dag.py
[2026-05-26T03:32:30.650+0000] {processor.py:830} INFO - Processing file /opt/airflow/dags/weekly_forecast_dag.py for tasks to queue
[2026-05-26T03:32:30.652+0000] {logging_mixin.py:188} INFO - [2026-05-26T03:32:30.652+0000] {dagbag.py:538} INFO - Filling up the DagBag from /opt/airflow/dags/weekly_forecast_dag.py
[2026-05-26T03:32:31.224+0000] {processor.py:840} INFO - DAG(s) 'weekly_forecast_pipeline' retrieved from /opt/airflow/dags/weekly_forecast_dag.py
[2026-05-26T03:32:31.258+0000] {logging_mixin.py:188} INFO - [2026-05-26T03:32:31.258+0000] {dag.py:3036} INFO - Sync 1 DAGs
[2026-05-26T03:32:31.301+0000] {processor.py:183} INFO - Processing /opt/airflow/dags/weekly_forecast_dag.py took 0.659 seconds
[2026-05-26T03:33:01.522+0000] {processor.py:161} INFO - Started process (PID=264) to work on /opt/airflow/dags/weekly_forecast_dag.py
[2026-05-26T03:33:01.523+0000] {processor.py:830} INFO - Processing file /opt/airflow/dags/weekly_forecast_dag.py for tasks to queue
[2026-05-26T03:33:01.524+0000] {logging_mixin.py:188} INFO - [2026-05-26T03:33:01.524+0000] {dagbag.py:538} INFO - Filling up the DagBag from /opt/airflow/dags/weekly_forecast_dag.py
[2026-05-26T03:33:02.070+0000] {processor.py:840} INFO - DAG(s) 'weekly_forecast_pipeline' retrieved from /opt/airflow/dags/weekly_forecast_dag.py
[2026-05-26T03:33:02.102+0000] {logging_mixin.py:188} INFO - [2026-05-26T03:33:02.102+0000] {dag.py:3036} INFO - Sync 1 DAGs
[2026-05-26T03:33:02.145+0000] {processor.py:183} INFO - Processing /opt/airflow/dags/weekly_forecast_dag.py took 0.628 seconds
[2026-05-26T03:33:32.332+0000] {processor.py:161} INFO - Started process (PID=270) to work on /opt/airflow/dags/weekly_forecast_dag.py
[2026-05-26T03:33:32.333+0000] {processor.py:830} INFO - Processing file /opt/airflow/dags/weekly_forecast_dag.py for tasks to queue
[2026-05-26T03:33:32.334+0000] {logging_mixin.py:188} INFO - [2026-05-26T03:33:32.334+0000] {dagbag.py:538} INFO - Filling up the DagBag from /opt/airflow/dags/weekly_forecast_dag.py
[2026-05-26T03:33:32.786+0000] {processor.py:840} INFO - DAG(s) 'weekly_forecast_pipeline' retrieved from /opt/airflow/dags/weekly_forecast_dag.py
[2026-05-26T03:33:32.814+0000] {logging_mixin.py:188} INFO - [2026-05-26T03:33:32.813+0000] {dag.py:3036} INFO - Sync 1 DAGs
[2026-05-26T03:33:32.850+0000] {processor.py:183} INFO - Processing /opt/airflow/dags/weekly_forecast_dag.py took 0.521 seconds
[2026-05-26T03:34:03.078+0000] {processor.py:161} INFO - Started process (PID=276) to work on /opt/airflow/dags/weekly_forecast_dag.py
[2026-05-26T03:34:03.080+0000] {processor.py:830} INFO - Processing file /opt/airflow/dags/weekly_forecast_dag.py for tasks to queue
[2026-05-26T03:34:03.081+0000] {logging_mixin.py:188} INFO - [2026-05-26T03:34:03.081+0000] {dagbag.py:538} INFO - Filling up the DagBag from /opt/airflow/dags/weekly_forecast_dag.py
[2026-05-26T03:34:03.659+0000] {processor.py:840} INFO - DAG(s) 'weekly_forecast_pipeline' retrieved from /opt/airflow/dags/weekly_forecast_dag.py
[2026-05-26T03:34:03.739+0000] {logging_mixin.py:188} INFO - [2026-05-26T03:34:03.737+0000] {dag.py:3036} INFO - Sync 1 DAGs
[2026-05-26T03:34:03.801+0000] {processor.py:183} INFO - Processing /opt/airflow/dags/weekly_forecast_dag.py took 0.730 seconds
[2026-05-26T03:34:33.999+0000] {processor.py:161} INFO - Started process (PID=282) to work on /opt/airflow/dags/weekly_forecast_dag.py
[2026-05-26T03:34:34.000+0000] {processor.py:830} INFO - Processing file /opt/airflow/dags/weekly_forecast_dag.py for tasks to queue
[2026-05-26T03:34:34.001+0000] {logging_mixin.py:188} INFO - [2026-05-26T03:34:34.001+0000] {dagbag.py:538} INFO - Filling up the DagBag from /opt/airflow/dags/weekly_forecast_dag.py
[2026-05-26T03:34:34.490+0000] {processor.py:840} INFO - DAG(s) 'weekly_forecast_pipeline' retrieved from /opt/airflow/dags/weekly_forecast_dag.py
[2026-05-26T03:34:34.522+0000] {logging_mixin.py:188} INFO - [2026-05-26T03:34:34.522+0000] {dag.py:3036} INFO - Sync 1 DAGs
[2026-05-26T03:34:34.563+0000] {processor.py:183} INFO - Processing /opt/airflow/dags/weekly_forecast_dag.py took 0.569 seconds
[2026-05-26T03:35:04.794+0000] {processor.py:161} INFO - Started process (PID=291) to work on /opt/airflow/dags/weekly_forecast_dag.py
[2026-05-26T03:35:04.796+0000] {processor.py:830} INFO - Processing file /opt/airflow/dags/weekly_forecast_dag.py for tasks to queue
[2026-05-26T03:35:04.797+0000] {logging_mixin.py:188} INFO - [2026-05-26T03:35:04.797+0000] {dagbag.py:538} INFO - Filling up the DagBag from /opt/airflow/dags/weekly_forecast_dag.py
[2026-05-26T03:35:05.331+0000] {processor.py:840} INFO - DAG(s) 'weekly_forecast_pipeline' retrieved from /opt/airflow/dags/weekly_forecast_dag.py
[2026-05-26T03:35:05.364+0000] {logging_mixin.py:188} INFO - [2026-05-26T03:35:05.364+0000] {dag.py:3036} INFO - Sync 1 DAGs
[2026-05-26T03:35:05.389+0000] {logging_mixin.py:188} INFO - [2026-05-26T03:35:05.389+0000] {dag.py:3823} INFO - Setting next_dagrun for weekly_forecast_pipeline to 2026-05-31 23:00:00+00:00, run_after=2026-06-07 23:00:00+00:00
[2026-05-26T03:35:05.426+0000] {processor.py:183} INFO - Processing /opt/airflow/dags/weekly_forecast_dag.py took 0.636 seconds
[2026-05-26T03:35:35.613+0000] {processor.py:161} INFO - Started process (PID=297) to work on /opt/airflow/dags/weekly_forecast_dag.py
[2026-05-26T03:35:35.615+0000] {processor.py:830} INFO - Processing file /opt/airflow/dags/weekly_forecast_dag.py for tasks to queue
[2026-05-26T03:35:35.616+0000] {logging_mixin.py:188} INFO - [2026-05-26T03:35:35.615+0000] {dagbag.py:538} INFO - Filling up the DagBag from /opt/airflow/dags/weekly_forecast_dag.py
[2026-05-26T03:35:36.130+0000] {processor.py:840} INFO - DAG(s) 'weekly_forecast_pipeline' retrieved from /opt/airflow/dags/weekly_forecast_dag.py
[2026-05-26T03:35:36.159+0000] {logging_mixin.py:188} INFO - [2026-05-26T03:35:36.159+0000] {dag.py:3036} INFO - Sync 1 DAGs
[2026-05-26T03:35:36.180+0000] {logging_mixin.py:188} INFO - [2026-05-26T03:35:36.180+0000] {dag.py:3823} INFO - Setting next_dagrun for weekly_forecast_pipeline to 2026-05-31 23:00:00+00:00, run_after=2026-06-07 23:00:00+00:00
[2026-05-26T03:35:36.200+0000] {processor.py:183} INFO - Processing /opt/airflow/dags/weekly_forecast_dag.py took 0.591 seconds
[2026-05-26T03:36:06.406+0000] {processor.py:161} INFO - Started process (PID=303) to work on /opt/airflow/dags/weekly_forecast_dag.py
[2026-05-26T03:36:06.408+0000] {processor.py:830} INFO - Processing file /opt/airflow/dags/weekly_forecast_dag.py for tasks to queue
[2026-05-26T03:36:06.409+0000] {logging_mixin.py:188} INFO - [2026-05-26T03:36:06.409+0000] {dagbag.py:538} INFO - Filling up the DagBag from /opt/airflow/dags/weekly_forecast_dag.py
[2026-05-26T03:36:07.289+0000] {processor.py:840} INFO - DAG(s) 'weekly_forecast_pipeline' retrieved from /opt/airflow/dags/weekly_forecast_dag.py
[2026-05-26T03:36:07.328+0000] {logging_mixin.py:188} INFO - [2026-05-26T03:36:07.327+0000] {dag.py:3036} INFO - Sync 1 DAGs
[2026-05-26T03:36:07.350+0000] {logging_mixin.py:188} INFO - [2026-05-26T03:36:07.350+0000] {dag.py:3823} INFO - Setting next_dagrun for weekly_forecast_pipeline to 2026-05-31 23:00:00+00:00, run_after=2026-06-07 23:00:00+00:00
[2026-05-26T03:36:07.371+0000] {processor.py:183} INFO - Processing /opt/airflow/dags/weekly_forecast_dag.py took 0.969 seconds
[2026-05-26T03:36:37.593+0000] {processor.py:161} INFO - Started process (PID=309) to work on /opt/airflow/dags/weekly_forecast_dag.py
[2026-05-26T03:36:37.594+0000] {processor.py:830} INFO - Processing file /opt/airflow/dags/weekly_forecast_dag.py for tasks to queue
[2026-05-26T03:36:37.595+0000] {logging_mixin.py:188} INFO - [2026-05-26T03:36:37.595+0000] {dagbag.py:538} INFO - Filling up the DagBag from /opt/airflow/dags/weekly_forecast_dag.py
[2026-05-26T03:36:38.113+0000] {processor.py:840} INFO - DAG(s) 'weekly_forecast_pipeline' retrieved from /opt/airflow/dags/weekly_forecast_dag.py
[2026-05-26T03:36:38.147+0000] {logging_mixin.py:188} INFO - [2026-05-26T03:36:38.147+0000] {dag.py:3036} INFO - Sync 1 DAGs
[2026-05-26T03:36:38.169+0000] {logging_mixin.py:188} INFO - [2026-05-26T03:36:38.168+0000] {dag.py:3823} INFO - Setting next_dagrun for weekly_forecast_pipeline to 2026-05-31 23:00:00+00:00, run_after=2026-06-07 23:00:00+00:00
[2026-05-26T03:36:38.189+0000] {processor.py:183} INFO - Processing /opt/airflow/dags/weekly_forecast_dag.py took 0.601 seconds
[2026-05-26T03:37:08.421+0000] {processor.py:161} INFO - Started process (PID=315) to work on /opt/airflow/dags/weekly_forecast_dag.py
[2026-05-26T03:37:08.424+0000] {processor.py:830} INFO - Processing file /opt/airflow/dags/weekly_forecast_dag.py for tasks to queue
[2026-05-26T03:37:08.427+0000] {logging_mixin.py:188} INFO - [2026-05-26T03:37:08.426+0000] {dagbag.py:538} INFO - Filling up the DagBag from /opt/airflow/dags/weekly_forecast_dag.py
[2026-05-26T03:37:09.316+0000] {processor.py:840} INFO - DAG(s) 'weekly_forecast_pipeline' retrieved from /opt/airflow/dags/weekly_forecast_dag.py
[2026-05-26T03:37:09.356+0000] {logging_mixin.py:188} INFO - [2026-05-26T03:37:09.356+0000] {dag.py:3036} INFO - Sync 1 DAGs
[2026-05-26T03:37:09.387+0000] {logging_mixin.py:188} INFO - [2026-05-26T03:37:09.386+0000] {dag.py:3823} INFO - Setting next_dagrun for weekly_forecast_pipeline to 2026-05-31 23:00:00+00:00, run_after=2026-06-07 23:00:00+00:00
[2026-05-26T03:37:09.415+0000] {processor.py:183} INFO - Processing /opt/airflow/dags/weekly_forecast_dag.py took 1.007 seconds
[2026-05-26T03:37:39.702+0000] {processor.py:161} INFO - Started process (PID=321) to work on /opt/airflow/dags/weekly_forecast_dag.py
[2026-05-26T03:37:39.704+0000] {processor.py:830} INFO - Processing file /opt/airflow/dags/weekly_forecast_dag.py for tasks to queue
[2026-05-26T03:37:39.705+0000] {logging_mixin.py:188} INFO - [2026-05-26T03:37:39.704+0000] {dagbag.py:538} INFO - Filling up the DagBag from /opt/airflow/dags/weekly_forecast_dag.py
[2026-05-26T03:37:40.285+0000] {processor.py:840} INFO - DAG(s) 'weekly_forecast_pipeline' retrieved from /opt/airflow/dags/weekly_forecast_dag.py
[2026-05-26T03:37:40.324+0000] {logging_mixin.py:188} INFO - [2026-05-26T03:37:40.324+0000] {dag.py:3036} INFO - Sync 1 DAGs
[2026-05-26T03:37:40.346+0000] {logging_mixin.py:188} INFO - [2026-05-26T03:37:40.346+0000] {dag.py:3823} INFO - Setting next_dagrun for weekly_forecast_pipeline to 2026-05-31 23:00:00+00:00, run_after=2026-06-07 23:00:00+00:00
[2026-05-26T03:37:40.390+0000] {processor.py:183} INFO - Processing /opt/airflow/dags/weekly_forecast_dag.py took 0.691 seconds
[2026-05-26T03:38:10.597+0000] {processor.py:161} INFO - Started process (PID=327) to work on /opt/airflow/dags/weekly_forecast_dag.py
[2026-05-26T03:38:10.599+0000] {processor.py:830} INFO - Processing file /opt/airflow/dags/weekly_forecast_dag.py for tasks to queue
[2026-05-26T03:38:10.600+0000] {logging_mixin.py:188} INFO - [2026-05-26T03:38:10.600+0000] {dagbag.py:538} INFO - Filling up the DagBag from /opt/airflow/dags/weekly_forecast_dag.py
[2026-05-26T03:38:11.195+0000] {processor.py:840} INFO - DAG(s) 'weekly_forecast_pipeline' retrieved from /opt/airflow/dags/weekly_forecast_dag.py
[2026-05-26T03:38:11.233+0000] {logging_mixin.py:188} INFO - [2026-05-26T03:38:11.233+0000] {dag.py:3036} INFO - Sync 1 DAGs
[2026-05-26T03:38:11.258+0000] {logging_mixin.py:188} INFO - [2026-05-26T03:38:11.258+0000] {dag.py:3823} INFO - Setting next_dagrun for weekly_forecast_pipeline to 2026-05-31 23:00:00+00:00, run_after=2026-06-07 23:00:00+00:00
[2026-05-26T03:38:11.280+0000] {processor.py:183} INFO - Processing /opt/airflow/dags/weekly_forecast_dag.py took 0.686 seconds
[2026-05-26T03:38:41.472+0000] {processor.py:161} INFO - Started process (PID=333) to work on /opt/airflow/dags/weekly_forecast_dag.py
[2026-05-26T03:38:41.474+0000] {processor.py:830} INFO - Processing file /opt/airflow/dags/weekly_forecast_dag.py for tasks to queue
[2026-05-26T03:38:41.475+0000] {logging_mixin.py:188} INFO - [2026-05-26T03:38:41.475+0000] {dagbag.py:538} INFO - Filling up the DagBag from /opt/airflow/dags/weekly_forecast_dag.py
[2026-05-26T03:38:41.946+0000] {processor.py:840} INFO - DAG(s) 'weekly_forecast_pipeline' retrieved from /opt/airflow/dags/weekly_forecast_dag.py
[2026-05-26T03:38:41.975+0000] {logging_mixin.py:188} INFO - [2026-05-26T03:38:41.975+0000] {dag.py:3036} INFO - Sync 1 DAGs
[2026-05-26T03:38:41.996+0000] {logging_mixin.py:188} INFO - [2026-05-26T03:38:41.996+0000] {dag.py:3823} INFO - Setting next_dagrun for weekly_forecast_pipeline to 2026-05-31 23:00:00+00:00, run_after=2026-06-07 23:00:00+00:00
[2026-05-26T03:38:42.016+0000] {processor.py:183} INFO - Processing /opt/airflow/dags/weekly_forecast_dag.py took 0.549 seconds
[2026-05-26T03:39:12.185+0000] {processor.py:161} INFO - Started process (PID=339) to work on /opt/airflow/dags/weekly_forecast_dag.py
[2026-05-26T03:39:12.187+0000] {processor.py:830} INFO - Processing file /opt/airflow/dags/weekly_forecast_dag.py for tasks to queue
[2026-05-26T03:39:12.188+0000] {logging_mixin.py:188} INFO - [2026-05-26T03:39:12.188+0000] {dagbag.py:538} INFO - Filling up the DagBag from /opt/airflow/dags/weekly_forecast_dag.py
[2026-05-26T03:39:12.709+0000] {processor.py:840} INFO - DAG(s) 'weekly_forecast_pipeline' retrieved from /opt/airflow/dags/weekly_forecast_dag.py
[2026-05-26T03:39:12.738+0000] {logging_mixin.py:188} INFO - [2026-05-26T03:39:12.737+0000] {dag.py:3036} INFO - Sync 1 DAGs
[2026-05-26T03:39:12.758+0000] {logging_mixin.py:188} INFO - [2026-05-26T03:39:12.758+0000] {dag.py:3823} INFO - Setting next_dagrun for weekly_forecast_pipeline to 2026-05-31 23:00:00+00:00, run_after=2026-06-07 23:00:00+00:00
[2026-05-26T03:39:12.779+0000] {processor.py:183} INFO - Processing /opt/airflow/dags/weekly_forecast_dag.py took 0.599 seconds
[2026-05-26T03:39:42.975+0000] {processor.py:161} INFO - Started process (PID=345) to work on /opt/airflow/dags/weekly_forecast_dag.py
[2026-05-26T03:39:42.977+0000] {processor.py:830} INFO - Processing file /opt/airflow/dags/weekly_forecast_dag.py for tasks to queue
[2026-05-26T03:39:42.978+0000] {logging_mixin.py:188} INFO - [2026-05-26T03:39:42.977+0000] {dagbag.py:538} INFO - Filling up the DagBag from /opt/airflow/dags/weekly_forecast_dag.py
[2026-05-26T03:39:43.532+0000] {processor.py:840} INFO - DAG(s) 'weekly_forecast_pipeline' retrieved from /opt/airflow/dags/weekly_forecast_dag.py
[2026-05-26T03:39:43.570+0000] {logging_mixin.py:188} INFO - [2026-05-26T03:39:43.569+0000] {dag.py:3036} INFO - Sync 1 DAGs
[2026-05-26T03:39:43.595+0000] {logging_mixin.py:188} INFO - [2026-05-26T03:39:43.594+0000] {dag.py:3823} INFO - Setting next_dagrun for weekly_forecast_pipeline to 2026-05-31 23:00:00+00:00, run_after=2026-06-07 23:00:00+00:00
[2026-05-26T03:39:43.621+0000] {processor.py:183} INFO - Processing /opt/airflow/dags/weekly_forecast_dag.py took 0.650 seconds
[2026-05-26T03:40:13.833+0000] {processor.py:161} INFO - Started process (PID=351) to work on /opt/airflow/dags/weekly_forecast_dag.py
[2026-05-26T03:40:13.835+0000] {processor.py:830} INFO - Processing file /opt/airflow/dags/weekly_forecast_dag.py for tasks to queue
[2026-05-26T03:40:13.836+0000] {logging_mixin.py:188} INFO - [2026-05-26T03:40:13.836+0000] {dagbag.py:538} INFO - Filling up the DagBag from /opt/airflow/dags/weekly_forecast_dag.py
[2026-05-26T03:40:14.325+0000] {processor.py:840} INFO - DAG(s) 'weekly_forecast_pipeline' retrieved from /opt/airflow/dags/weekly_forecast_dag.py
[2026-05-26T03:40:14.359+0000] {logging_mixin.py:188} INFO - [2026-05-26T03:40:14.358+0000] {dag.py:3036} INFO - Sync 1 DAGs
[2026-05-26T03:40:14.384+0000] {logging_mixin.py:188} INFO - [2026-05-26T03:40:14.384+0000] {dag.py:3823} INFO - Setting next_dagrun for weekly_forecast_pipeline to 2026-05-31 23:00:00+00:00, run_after=2026-06-07 23:00:00+00:00
[2026-05-26T03:40:14.406+0000] {processor.py:183} INFO - Processing /opt/airflow/dags/weekly_forecast_dag.py took 0.578 seconds
[2026-05-26T03:40:44.608+0000] {processor.py:161} INFO - Started process (PID=357) to work on /opt/airflow/dags/weekly_forecast_dag.py
[2026-05-26T03:40:44.609+0000] {processor.py:830} INFO - Processing file /opt/airflow/dags/weekly_forecast_dag.py for tasks to queue
[2026-05-26T03:40:44.610+0000] {logging_mixin.py:188} INFO - [2026-05-26T03:40:44.610+0000] {dagbag.py:538} INFO - Filling up the DagBag from /opt/airflow/dags/weekly_forecast_dag.py
[2026-05-26T03:40:45.103+0000] {processor.py:840} INFO - DAG(s) 'weekly_forecast_pipeline' retrieved from /opt/airflow/dags/weekly_forecast_dag.py
[2026-05-26T03:40:45.130+0000] {logging_mixin.py:188} INFO - [2026-05-26T03:40:45.129+0000] {dag.py:3036} INFO - Sync 1 DAGs
[2026-05-26T03:40:45.150+0000] {logging_mixin.py:188} INFO - [2026-05-26T03:40:45.150+0000] {dag.py:3823} INFO - Setting next_dagrun for weekly_forecast_pipeline to 2026-05-31 23:00:00+00:00, run_after=2026-06-07 23:00:00+00:00
[2026-05-26T03:40:45.169+0000] {processor.py:183} INFO - Processing /opt/airflow/dags/weekly_forecast_dag.py took 0.565 seconds
[2026-05-26T03:41:15.365+0000] {processor.py:161} INFO - Started process (PID=363) to work on /opt/airflow/dags/weekly_forecast_dag.py
[2026-05-26T03:41:15.367+0000] {processor.py:830} INFO - Processing file /opt/airflow/dags/weekly_forecast_dag.py for tasks to queue
[2026-05-26T03:41:15.368+0000] {logging_mixin.py:188} INFO - [2026-05-26T03:41:15.367+0000] {dagbag.py:538} INFO - Filling up the DagBag from /opt/airflow/dags/weekly_forecast_dag.py
[2026-05-26T03:41:16.005+0000] {processor.py:840} INFO - DAG(s) 'weekly_forecast_pipeline' retrieved from /opt/airflow/dags/weekly_forecast_dag.py
[2026-05-26T03:41:16.046+0000] {logging_mixin.py:188} INFO - [2026-05-26T03:41:16.045+0000] {dag.py:3036} INFO - Sync 1 DAGs
[2026-05-26T03:41:16.074+0000] {logging_mixin.py:188} INFO - [2026-05-26T03:41:16.073+0000] {dag.py:3823} INFO - Setting next_dagrun for weekly_forecast_pipeline to 2026-05-31 23:00:00+00:00, run_after=2026-06-07 23:00:00+00:00
[2026-05-26T03:41:16.099+0000] {processor.py:183} INFO - Processing /opt/airflow/dags/weekly_forecast_dag.py took 0.737 seconds
[2026-05-26T03:41:46.307+0000] {processor.py:161} INFO - Started process (PID=369) to work on /opt/airflow/dags/weekly_forecast_dag.py
[2026-05-26T03:41:46.308+0000] {processor.py:830} INFO - Processing file /opt/airflow/dags/weekly_forecast_dag.py for tasks to queue
[2026-05-26T03:41:46.309+0000] {logging_mixin.py:188} INFO - [2026-05-26T03:41:46.309+0000] {dagbag.py:538} INFO - Filling up the DagBag from /opt/airflow/dags/weekly_forecast_dag.py
[2026-05-26T03:41:46.788+0000] {processor.py:840} INFO - DAG(s) 'weekly_forecast_pipeline' retrieved from /opt/airflow/dags/weekly_forecast_dag.py
[2026-05-26T03:41:46.817+0000] {logging_mixin.py:188} INFO - [2026-05-26T03:41:46.817+0000] {dag.py:3036} INFO - Sync 1 DAGs
[2026-05-26T03:41:46.838+0000] {logging_mixin.py:188} INFO - [2026-05-26T03:41:46.837+0000] {dag.py:3823} INFO - Setting next_dagrun for weekly_forecast_pipeline to 2026-05-31 23:00:00+00:00, run_after=2026-06-07 23:00:00+00:00
[2026-05-26T03:41:46.858+0000] {processor.py:183} INFO - Processing /opt/airflow/dags/weekly_forecast_dag.py took 0.555 seconds
[2026-05-26T03:42:17.050+0000] {processor.py:161} INFO - Started process (PID=375) to work on /opt/airflow/dags/weekly_forecast_dag.py
[2026-05-26T03:42:17.051+0000] {processor.py:830} INFO - Processing file /opt/airflow/dags/weekly_forecast_dag.py for tasks to queue
[2026-05-26T03:42:17.052+0000] {logging_mixin.py:188} INFO - [2026-05-26T03:42:17.052+0000] {dagbag.py:538} INFO - Filling up the DagBag from /opt/airflow/dags/weekly_forecast_dag.py
[2026-05-26T03:42:17.480+0000] {processor.py:840} INFO - DAG(s) 'weekly_forecast_pipeline' retrieved from /opt/airflow/dags/weekly_forecast_dag.py
[2026-05-26T03:42:17.507+0000] {logging_mixin.py:188} INFO - [2026-05-26T03:42:17.507+0000] {dag.py:3036} INFO - Sync 1 DAGs
[2026-05-26T03:42:17.526+0000] {logging_mixin.py:188} INFO - [2026-05-26T03:42:17.526+0000] {dag.py:3823} INFO - Setting next_dagrun for weekly_forecast_pipeline to 2026-05-31 23:00:00+00:00, run_after=2026-06-07 23:00:00+00:00
[2026-05-26T03:42:17.547+0000] {processor.py:183} INFO - Processing /opt/airflow/dags/weekly_forecast_dag.py took 0.499 seconds
[2026-05-26T03:42:47.628+0000] {processor.py:161} INFO - Started process (PID=381) to work on /opt/airflow/dags/weekly_forecast_dag.py
[2026-05-26T03:42:47.630+0000] {processor.py:830} INFO - Processing file /opt/airflow/dags/weekly_forecast_dag.py for tasks to queue
[2026-05-26T03:42:47.630+0000] {logging_mixin.py:188} INFO - [2026-05-26T03:42:47.630+0000] {dagbag.py:538} INFO - Filling up the DagBag from /opt/airflow/dags/weekly_forecast_dag.py
[2026-05-26T03:42:48.136+0000] {processor.py:840} INFO - DAG(s) 'weekly_forecast_pipeline' retrieved from /opt/airflow/dags/weekly_forecast_dag.py
[2026-05-26T03:42:48.164+0000] {logging_mixin.py:188} INFO - [2026-05-26T03:42:48.163+0000] {dag.py:3036} INFO - Sync 1 DAGs
[2026-05-26T03:42:48.183+0000] {logging_mixin.py:188} INFO - [2026-05-26T03:42:48.183+0000] {dag.py:3823} INFO - Setting next_dagrun for weekly_forecast_pipeline to 2026-05-31 23:00:00+00:00, run_after=2026-06-07 23:00:00+00:00
[2026-05-26T03:42:48.210+0000] {processor.py:183} INFO - Processing /opt/airflow/dags/weekly_forecast_dag.py took 0.588 seconds
[2026-05-26T03:43:18.401+0000] {processor.py:161} INFO - Started process (PID=387) to work on /opt/airflow/dags/weekly_forecast_dag.py
[2026-05-26T03:43:18.402+0000] {processor.py:830} INFO - Processing file /opt/airflow/dags/weekly_forecast_dag.py for tasks to queue
[2026-05-26T03:43:18.403+0000] {logging_mixin.py:188} INFO - [2026-05-26T03:43:18.403+0000] {dagbag.py:538} INFO - Filling up the DagBag from /opt/airflow/dags/weekly_forecast_dag.py
[2026-05-26T03:43:18.849+0000] {processor.py:840} INFO - DAG(s) 'weekly_forecast_pipeline' retrieved from /opt/airflow/dags/weekly_forecast_dag.py
[2026-05-26T03:43:18.875+0000] {logging_mixin.py:188} INFO - [2026-05-26T03:43:18.874+0000] {dag.py:3036} INFO - Sync 1 DAGs
[2026-05-26T03:43:18.895+0000] {logging_mixin.py:188} INFO - [2026-05-26T03:43:18.894+0000] {dag.py:3823} INFO - Setting next_dagrun for weekly_forecast_pipeline to 2026-05-31 23:00:00+00:00, run_after=2026-06-07 23:00:00+00:00
[2026-05-26T03:43:18.913+0000] {processor.py:183} INFO - Processing /opt/airflow/dags/weekly_forecast_dag.py took 0.516 seconds
[2026-05-26T03:43:49.024+0000] {processor.py:161} INFO - Started process (PID=393) to work on /opt/airflow/dags/weekly_forecast_dag.py
[2026-05-26T03:43:49.025+0000] {processor.py:830} INFO - Processing file /opt/airflow/dags/weekly_forecast_dag.py for tasks to queue
[2026-05-26T03:43:49.026+0000] {logging_mixin.py:188} INFO - [2026-05-26T03:43:49.026+0000] {dagbag.py:538} INFO - Filling up the DagBag from /opt/airflow/dags/weekly_forecast_dag.py
[2026-05-26T03:43:49.507+0000] {processor.py:840} INFO - DAG(s) 'weekly_forecast_pipeline' retrieved from /opt/airflow/dags/weekly_forecast_dag.py
[2026-05-26T03:43:49.537+0000] {logging_mixin.py:188} INFO - [2026-05-26T03:43:49.536+0000] {dag.py:3036} INFO - Sync 1 DAGs
[2026-05-26T03:43:49.559+0000] {logging_mixin.py:188} INFO - [2026-05-26T03:43:49.558+0000] {dag.py:3823} INFO - Setting next_dagrun for weekly_forecast_pipeline to 2026-05-31 23:00:00+00:00, run_after=2026-06-07 23:00:00+00:00
[2026-05-26T03:43:49.587+0000] {processor.py:183} INFO - Processing /opt/airflow/dags/weekly_forecast_dag.py took 0.566 seconds
[2026-05-26T03:44:19.786+0000] {processor.py:161} INFO - Started process (PID=399) to work on /opt/airflow/dags/weekly_forecast_dag.py
[2026-05-26T03:44:19.787+0000] {processor.py:830} INFO - Processing file /opt/airflow/dags/weekly_forecast_dag.py for tasks to queue
[2026-05-26T03:44:19.788+0000] {logging_mixin.py:188} INFO - [2026-05-26T03:44:19.788+0000] {dagbag.py:538} INFO - Filling up the DagBag from /opt/airflow/dags/weekly_forecast_dag.py
[2026-05-26T03:44:20.311+0000] {processor.py:840} INFO - DAG(s) 'weekly_forecast_pipeline' retrieved from /opt/airflow/dags/weekly_forecast_dag.py
[2026-05-26T03:44:20.354+0000] {logging_mixin.py:188} INFO - [2026-05-26T03:44:20.353+0000] {dag.py:3036} INFO - Sync 1 DAGs
[2026-05-26T03:44:20.392+0000] {logging_mixin.py:188} INFO - [2026-05-26T03:44:20.391+0000] {dag.py:3823} INFO - Setting next_dagrun for weekly_forecast_pipeline to 2026-05-31 23:00:00+00:00, run_after=2026-06-07 23:00:00+00:00
[2026-05-26T03:44:20.422+0000] {processor.py:183} INFO - Processing /opt/airflow/dags/weekly_forecast_dag.py took 0.640 seconds
[2026-05-26T03:44:50.631+0000] {processor.py:161} INFO - Started process (PID=405) to work on /opt/airflow/dags/weekly_forecast_dag.py
[2026-05-26T03:44:50.632+0000] {processor.py:830} INFO - Processing file /opt/airflow/dags/weekly_forecast_dag.py for tasks to queue
[2026-05-26T03:44:50.634+0000] {logging_mixin.py:188} INFO - [2026-05-26T03:44:50.633+0000] {dagbag.py:538} INFO - Filling up the DagBag from /opt/airflow/dags/weekly_forecast_dag.py
[2026-05-26T03:44:51.170+0000] {processor.py:840} INFO - DAG(s) 'weekly_forecast_pipeline' retrieved from /opt/airflow/dags/weekly_forecast_dag.py
[2026-05-26T03:44:51.203+0000] {logging_mixin.py:188} INFO - [2026-05-26T03:44:51.202+0000] {dag.py:3036} INFO - Sync 1 DAGs
[2026-05-26T03:44:51.232+0000] {logging_mixin.py:188} INFO - [2026-05-26T03:44:51.231+0000] {dag.py:3823} INFO - Setting next_dagrun for weekly_forecast_pipeline to 2026-05-31 23:00:00+00:00, run_after=2026-06-07 23:00:00+00:00
[2026-05-26T03:44:51.255+0000] {processor.py:183} INFO - Processing /opt/airflow/dags/weekly_forecast_dag.py took 0.629 seconds
[2026-05-26T03:45:21.505+0000] {processor.py:161} INFO - Started process (PID=411) to work on /opt/airflow/dags/weekly_forecast_dag.py
[2026-05-26T03:45:21.507+0000] {processor.py:830} INFO - Processing file /opt/airflow/dags/weekly_forecast_dag.py for tasks to queue
[2026-05-26T03:45:21.509+0000] {logging_mixin.py:188} INFO - [2026-05-26T03:45:21.509+0000] {dagbag.py:538} INFO - Filling up the DagBag from /opt/airflow/dags/weekly_forecast_dag.py
[2026-05-26T03:45:22.049+0000] {processor.py:840} INFO - DAG(s) 'weekly_forecast_pipeline' retrieved from /opt/airflow/dags/weekly_forecast_dag.py
[2026-05-26T03:45:22.080+0000] {logging_mixin.py:188} INFO - [2026-05-26T03:45:22.079+0000] {dag.py:3036} INFO - Sync 1 DAGs
[2026-05-26T03:45:22.100+0000] {logging_mixin.py:188} INFO - [2026-05-26T03:45:22.099+0000] {dag.py:3823} INFO - Setting next_dagrun for weekly_forecast_pipeline to 2026-05-31 23:00:00+00:00, run_after=2026-06-07 23:00:00+00:00
[2026-05-26T03:45:22.119+0000] {processor.py:183} INFO - Processing /opt/airflow/dags/weekly_forecast_dag.py took 0.620 seconds
[2026-05-26T03:45:52.320+0000] {processor.py:161} INFO - Started process (PID=417) to work on /opt/airflow/dags/weekly_forecast_dag.py
[2026-05-26T03:45:52.322+0000] {processor.py:830} INFO - Processing file /opt/airflow/dags/weekly_forecast_dag.py for tasks to queue
[2026-05-26T03:45:52.323+0000] {logging_mixin.py:188} INFO - [2026-05-26T03:45:52.323+0000] {dagbag.py:538} INFO - Filling up the DagBag from /opt/airflow/dags/weekly_forecast_dag.py
[2026-05-26T03:45:52.821+0000] {processor.py:840} INFO - DAG(s) 'weekly_forecast_pipeline' retrieved from /opt/airflow/dags/weekly_forecast_dag.py
[2026-05-26T03:45:52.851+0000] {logging_mixin.py:188} INFO - [2026-05-26T03:45:52.851+0000] {dag.py:3036} INFO - Sync 1 DAGs
[2026-05-26T03:45:52.871+0000] {logging_mixin.py:188} INFO - [2026-05-26T03:45:52.871+0000] {dag.py:3823} INFO - Setting next_dagrun for weekly_forecast_pipeline to 2026-05-31 23:00:00+00:00, run_after=2026-06-07 23:00:00+00:00
[2026-05-26T03:45:52.893+0000] {processor.py:183} INFO - Processing /opt/airflow/dags/weekly_forecast_dag.py took 0.578 seconds
[2026-05-26T03:46:23.097+0000] {processor.py:161} INFO - Started process (PID=423) to work on /opt/airflow/dags/weekly_forecast_dag.py
[2026-05-26T03:46:23.098+0000] {processor.py:830} INFO - Processing file /opt/airflow/dags/weekly_forecast_dag.py for tasks to queue
[2026-05-26T03:46:23.099+0000] {logging_mixin.py:188} INFO - [2026-05-26T03:46:23.099+0000] {dagbag.py:538} INFO - Filling up the DagBag from /opt/airflow/dags/weekly_forecast_dag.py
[2026-05-26T03:46:23.634+0000] {processor.py:840} INFO - DAG(s) 'weekly_forecast_pipeline' retrieved from /opt/airflow/dags/weekly_forecast_dag.py
[2026-05-26T03:46:23.661+0000] {logging_mixin.py:188} INFO - [2026-05-26T03:46:23.661+0000] {dag.py:3036} INFO - Sync 1 DAGs
[2026-05-26T03:46:23.683+0000] {logging_mixin.py:188} INFO - [2026-05-26T03:46:23.683+0000] {dag.py:3823} INFO - Setting next_dagrun for weekly_forecast_pipeline to 2026-05-31 23:00:00+00:00, run_after=2026-06-07 23:00:00+00:00
[2026-05-26T03:46:23.704+0000] {processor.py:183} INFO - Processing /opt/airflow/dags/weekly_forecast_dag.py took 0.612 seconds
[2026-05-26T03:46:53.899+0000] {processor.py:161} INFO - Started process (PID=429) to work on /opt/airflow/dags/weekly_forecast_dag.py
[2026-05-26T03:46:53.900+0000] {processor.py:830} INFO - Processing file /opt/airflow/dags/weekly_forecast_dag.py for tasks to queue
[2026-05-26T03:46:53.901+0000] {logging_mixin.py:188} INFO - [2026-05-26T03:46:53.901+0000] {dagbag.py:538} INFO - Filling up the DagBag from /opt/airflow/dags/weekly_forecast_dag.py
[2026-05-26T03:46:54.357+0000] {processor.py:840} INFO - DAG(s) 'weekly_forecast_pipeline' retrieved from /opt/airflow/dags/weekly_forecast_dag.py
[2026-05-26T03:46:54.382+0000] {logging_mixin.py:188} INFO - [2026-05-26T03:46:54.382+0000] {dag.py:3036} INFO - Sync 1 DAGs
[2026-05-26T03:46:54.401+0000] {logging_mixin.py:188} INFO - [2026-05-26T03:46:54.401+0000] {dag.py:3823} INFO - Setting next_dagrun for weekly_forecast_pipeline to 2026-05-31 23:00:00+00:00, run_after=2026-06-07 23:00:00+00:00
[2026-05-26T03:46:54.421+0000] {processor.py:183} INFO - Processing /opt/airflow/dags/weekly_forecast_dag.py took 0.525 seconds
[2026-05-26T03:47:24.616+0000] {processor.py:161} INFO - Started process (PID=435) to work on /opt/airflow/dags/weekly_forecast_dag.py
[2026-05-26T03:47:24.618+0000] {processor.py:830} INFO - Processing file /opt/airflow/dags/weekly_forecast_dag.py for tasks to queue
[2026-05-26T03:47:24.619+0000] {logging_mixin.py:188} INFO - [2026-05-26T03:47:24.618+0000] {dagbag.py:538} INFO - Filling up the DagBag from /opt/airflow/dags/weekly_forecast_dag.py
[2026-05-26T03:47:25.077+0000] {processor.py:840} INFO - DAG(s) 'weekly_forecast_pipeline' retrieved from /opt/airflow/dags/weekly_forecast_dag.py
[2026-05-26T03:47:25.104+0000] {logging_mixin.py:188} INFO - [2026-05-26T03:47:25.103+0000] {dag.py:3036} INFO - Sync 1 DAGs
[2026-05-26T03:47:25.123+0000] {logging_mixin.py:188} INFO - [2026-05-26T03:47:25.123+0000] {dag.py:3823} INFO - Setting next_dagrun for weekly_forecast_pipeline to 2026-05-31 23:00:00+00:00, run_after=2026-06-07 23:00:00+00:00
[2026-05-26T03:47:25.146+0000] {processor.py:183} INFO - Processing /opt/airflow/dags/weekly_forecast_dag.py took 0.534 seconds
[2026-05-26T03:47:55.343+0000] {processor.py:161} INFO - Started process (PID=441) to work on /opt/airflow/dags/weekly_forecast_dag.py
[2026-05-26T03:47:55.345+0000] {processor.py:830} INFO - Processing file /opt/airflow/dags/weekly_forecast_dag.py for tasks to queue
[2026-05-26T03:47:55.347+0000] {logging_mixin.py:188} INFO - [2026-05-26T03:47:55.346+0000] {dagbag.py:538} INFO - Filling up the DagBag from /opt/airflow/dags/weekly_forecast_dag.py
[2026-05-26T03:47:55.914+0000] {processor.py:840} INFO - DAG(s) 'weekly_forecast_pipeline' retrieved from /opt/airflow/dags/weekly_forecast_dag.py
[2026-05-26T03:47:55.944+0000] {logging_mixin.py:188} INFO - [2026-05-26T03:47:55.944+0000] {dag.py:3036} INFO - Sync 1 DAGs
[2026-05-26T03:47:55.964+0000] {logging_mixin.py:188} INFO - [2026-05-26T03:47:55.964+0000] {dag.py:3823} INFO - Setting next_dagrun for weekly_forecast_pipeline to 2026-05-31 23:00:00+00:00, run_after=2026-06-07 23:00:00+00:00
[2026-05-26T03:47:55.984+0000] {processor.py:183} INFO - Processing /opt/airflow/dags/weekly_forecast_dag.py took 0.645 seconds
[2026-05-26T03:48:26.167+0000] {processor.py:161} INFO - Started process (PID=447) to work on /opt/airflow/dags/weekly_forecast_dag.py
[2026-05-26T03:48:26.168+0000] {processor.py:830} INFO - Processing file /opt/airflow/dags/weekly_forecast_dag.py for tasks to queue
[2026-05-26T03:48:26.170+0000] {logging_mixin.py:188} INFO - [2026-05-26T03:48:26.170+0000] {dagbag.py:538} INFO - Filling up the DagBag from /opt/airflow/dags/weekly_forecast_dag.py
[2026-05-26T03:48:26.637+0000] {processor.py:840} INFO - DAG(s) 'weekly_forecast_pipeline' retrieved from /opt/airflow/dags/weekly_forecast_dag.py
[2026-05-26T03:48:26.673+0000] {logging_mixin.py:188} INFO - [2026-05-26T03:48:26.673+0000] {dag.py:3036} INFO - Sync 1 DAGs
[2026-05-26T03:48:26.698+0000] {logging_mixin.py:188} INFO - [2026-05-26T03:48:26.698+0000] {dag.py:3823} INFO - Setting next_dagrun for weekly_forecast_pipeline to 2026-05-31 23:00:00+00:00, run_after=2026-06-07 23:00:00+00:00
[2026-05-26T03:48:26.718+0000] {processor.py:183} INFO - Processing /opt/airflow/dags/weekly_forecast_dag.py took 0.555 seconds
[2026-05-26T03:48:56.916+0000] {processor.py:161} INFO - Started process (PID=453) to work on /opt/airflow/dags/weekly_forecast_dag.py
[2026-05-26T03:48:56.917+0000] {processor.py:830} INFO - Processing file /opt/airflow/dags/weekly_forecast_dag.py for tasks to queue
[2026-05-26T03:48:56.918+0000] {logging_mixin.py:188} INFO - [2026-05-26T03:48:56.918+0000] {dagbag.py:538} INFO - Filling up the DagBag from /opt/airflow/dags/weekly_forecast_dag.py
[2026-05-26T03:48:57.364+0000] {processor.py:840} INFO - DAG(s) 'weekly_forecast_pipeline' retrieved from /opt/airflow/dags/weekly_forecast_dag.py
[2026-05-26T03:48:57.392+0000] {logging_mixin.py:188} INFO - [2026-05-26T03:48:57.391+0000] {dag.py:3036} INFO - Sync 1 DAGs
[2026-05-26T03:48:57.411+0000] {logging_mixin.py:188} INFO - [2026-05-26T03:48:57.411+0000] {dag.py:3823} INFO - Setting next_dagrun for weekly_forecast_pipeline to 2026-05-31 23:00:00+00:00, run_after=2026-06-07 23:00:00+00:00
[2026-05-26T03:48:57.430+0000] {processor.py:183} INFO - Processing /opt/airflow/dags/weekly_forecast_dag.py took 0.517 seconds
[2026-05-26T03:49:27.480+0000] {processor.py:161} INFO - Started process (PID=459) to work on /opt/airflow/dags/weekly_forecast_dag.py
[2026-05-26T03:49:27.481+0000] {processor.py:830} INFO - Processing file /opt/airflow/dags/weekly_forecast_dag.py for tasks to queue
[2026-05-26T03:49:27.482+0000] {logging_mixin.py:188} INFO - [2026-05-26T03:49:27.482+0000] {dagbag.py:538} INFO - Filling up the DagBag from /opt/airflow/dags/weekly_forecast_dag.py
[2026-05-26T03:49:27.949+0000] {processor.py:840} INFO - DAG(s) 'weekly_forecast_pipeline' retrieved from /opt/airflow/dags/weekly_forecast_dag.py
[2026-05-26T03:49:27.983+0000] {logging_mixin.py:188} INFO - [2026-05-26T03:49:27.982+0000] {dag.py:3036} INFO - Sync 1 DAGs
[2026-05-26T03:49:28.009+0000] {logging_mixin.py:188} INFO - [2026-05-26T03:49:28.008+0000] {dag.py:3823} INFO - Setting next_dagrun for weekly_forecast_pipeline to 2026-05-31 23:00:00+00:00, run_after=2026-06-07 23:00:00+00:00
[2026-05-26T03:49:28.031+0000] {processor.py:183} INFO - Processing /opt/airflow/dags/weekly_forecast_dag.py took 0.554 seconds
[2026-05-26T03:49:58.221+0000] {processor.py:161} INFO - Started process (PID=465) to work on /opt/airflow/dags/weekly_forecast_dag.py
[2026-05-26T03:49:58.222+0000] {processor.py:830} INFO - Processing file /opt/airflow/dags/weekly_forecast_dag.py for tasks to queue
[2026-05-26T03:49:58.223+0000] {logging_mixin.py:188} INFO - [2026-05-26T03:49:58.223+0000] {dagbag.py:538} INFO - Filling up the DagBag from /opt/airflow/dags/weekly_forecast_dag.py
[2026-05-26T03:49:58.690+0000] {processor.py:840} INFO - DAG(s) 'weekly_forecast_pipeline' retrieved from /opt/airflow/dags/weekly_forecast_dag.py
[2026-05-26T03:49:58.721+0000] {logging_mixin.py:188} INFO - [2026-05-26T03:49:58.720+0000] {dag.py:3036} INFO - Sync 1 DAGs
[2026-05-26T03:49:58.741+0000] {logging_mixin.py:188} INFO - [2026-05-26T03:49:58.741+0000] {dag.py:3823} INFO - Setting next_dagrun for weekly_forecast_pipeline to 2026-05-31 23:00:00+00:00, run_after=2026-06-07 23:00:00+00:00
[2026-05-26T03:49:58.761+0000] {processor.py:183} INFO - Processing /opt/airflow/dags/weekly_forecast_dag.py took 0.543 seconds
[2026-05-26T03:50:28.946+0000] {processor.py:161} INFO - Started process (PID=471) to work on /opt/airflow/dags/weekly_forecast_dag.py
[2026-05-26T03:50:28.947+0000] {processor.py:830} INFO - Processing file /opt/airflow/dags/weekly_forecast_dag.py for tasks to queue
[2026-05-26T03:50:28.948+0000] {logging_mixin.py:188} INFO - [2026-05-26T03:50:28.948+0000] {dagbag.py:538} INFO - Filling up the DagBag from /opt/airflow/dags/weekly_forecast_dag.py
[2026-05-26T03:50:29.410+0000] {processor.py:840} INFO - DAG(s) 'weekly_forecast_pipeline' retrieved from /opt/airflow/dags/weekly_forecast_dag.py
[2026-05-26T03:50:29.437+0000] {logging_mixin.py:188} INFO - [2026-05-26T03:50:29.436+0000] {dag.py:3036} INFO - Sync 1 DAGs
[2026-05-26T03:50:29.458+0000] {logging_mixin.py:188} INFO - [2026-05-26T03:50:29.458+0000] {dag.py:3823} INFO - Setting next_dagrun for weekly_forecast_pipeline to 2026-05-31 23:00:00+00:00, run_after=2026-06-07 23:00:00+00:00
[2026-05-26T03:50:29.478+0000] {processor.py:183} INFO - Processing /opt/airflow/dags/weekly_forecast_dag.py took 0.535 seconds
[2026-05-26T03:50:59.676+0000] {processor.py:161} INFO - Started process (PID=477) to work on /opt/airflow/dags/weekly_forecast_dag.py
[2026-05-26T03:50:59.677+0000] {processor.py:830} INFO - Processing file /opt/airflow/dags/weekly_forecast_dag.py for tasks to queue
[2026-05-26T03:50:59.679+0000] {logging_mixin.py:188} INFO - [2026-05-26T03:50:59.678+0000] {dagbag.py:538} INFO - Filling up the DagBag from /opt/airflow/dags/weekly_forecast_dag.py
[2026-05-26T03:51:00.140+0000] {processor.py:840} INFO - DAG(s) 'weekly_forecast_pipeline' retrieved from /opt/airflow/dags/weekly_forecast_dag.py
[2026-05-26T03:51:00.170+0000] {logging_mixin.py:188} INFO - [2026-05-26T03:51:00.169+0000] {dag.py:3036} INFO - Sync 1 DAGs
[2026-05-26T03:51:00.194+0000] {logging_mixin.py:188} INFO - [2026-05-26T03:51:00.193+0000] {dag.py:3823} INFO - Setting next_dagrun for weekly_forecast_pipeline to 2026-05-31 23:00:00+00:00, run_after=2026-06-07 23:00:00+00:00
[2026-05-26T03:51:00.217+0000] {processor.py:183} INFO - Processing /opt/airflow/dags/weekly_forecast_dag.py took 0.544 seconds
[2026-05-26T03:51:30.277+0000] {processor.py:161} INFO - Started process (PID=483) to work on /opt/airflow/dags/weekly_forecast_dag.py
[2026-05-26T03:51:30.278+0000] {processor.py:830} INFO - Processing file /opt/airflow/dags/weekly_forecast_dag.py for tasks to queue
[2026-05-26T03:51:30.279+0000] {logging_mixin.py:188} INFO - [2026-05-26T03:51:30.279+0000] {dagbag.py:538} INFO - Filling up the DagBag from /opt/airflow/dags/weekly_forecast_dag.py
[2026-05-26T03:51:30.830+0000] {processor.py:840} INFO - DAG(s) 'weekly_forecast_pipeline' retrieved from /opt/airflow/dags/weekly_forecast_dag.py
[2026-05-26T03:51:30.893+0000] {logging_mixin.py:188} INFO - [2026-05-26T03:51:30.892+0000] {dag.py:3036} INFO - Sync 1 DAGs
[2026-05-26T03:51:30.929+0000] {logging_mixin.py:188} INFO - [2026-05-26T03:51:30.929+0000] {dag.py:3823} INFO - Setting next_dagrun for weekly_forecast_pipeline to 2026-05-31 23:00:00+00:00, run_after=2026-06-07 23:00:00+00:00
[2026-05-26T03:51:30.959+0000] {processor.py:183} INFO - Processing /opt/airflow/dags/weekly_forecast_dag.py took 0.686 seconds
[2026-05-26T03:52:01.162+0000] {processor.py:161} INFO - Started process (PID=489) to work on /opt/airflow/dags/weekly_forecast_dag.py
[2026-05-26T03:52:01.163+0000] {processor.py:830} INFO - Processing file /opt/airflow/dags/weekly_forecast_dag.py for tasks to queue
[2026-05-26T03:52:01.164+0000] {logging_mixin.py:188} INFO - [2026-05-26T03:52:01.164+0000] {dagbag.py:538} INFO - Filling up the DagBag from /opt/airflow/dags/weekly_forecast_dag.py
[2026-05-26T03:52:01.630+0000] {processor.py:840} INFO - DAG(s) 'weekly_forecast_pipeline' retrieved from /opt/airflow/dags/weekly_forecast_dag.py
[2026-05-26T03:52:01.659+0000] {logging_mixin.py:188} INFO - [2026-05-26T03:52:01.659+0000] {dag.py:3036} INFO - Sync 1 DAGs
[2026-05-26T03:52:01.679+0000] {logging_mixin.py:188} INFO - [2026-05-26T03:52:01.678+0000] {dag.py:3823} INFO - Setting next_dagrun for weekly_forecast_pipeline to 2026-05-31 23:00:00+00:00, run_after=2026-06-07 23:00:00+00:00
[2026-05-26T03:52:01.699+0000] {processor.py:183} INFO - Processing /opt/airflow/dags/weekly_forecast_dag.py took 0.541 seconds
[2026-05-26T03:52:31.874+0000] {processor.py:161} INFO - Started process (PID=495) to work on /opt/airflow/dags/weekly_forecast_dag.py
[2026-05-26T03:52:31.875+0000] {processor.py:830} INFO - Processing file /opt/airflow/dags/weekly_forecast_dag.py for tasks to queue
[2026-05-26T03:52:31.876+0000] {logging_mixin.py:188} INFO - [2026-05-26T03:52:31.876+0000] {dagbag.py:538} INFO - Filling up the DagBag from /opt/airflow/dags/weekly_forecast_dag.py
[2026-05-26T03:52:32.353+0000] {processor.py:840} INFO - DAG(s) 'weekly_forecast_pipeline' retrieved from /opt/airflow/dags/weekly_forecast_dag.py
[2026-05-26T03:52:32.381+0000] {logging_mixin.py:188} INFO - [2026-05-26T03:52:32.381+0000] {dag.py:3036} INFO - Sync 1 DAGs
[2026-05-26T03:52:32.402+0000] {logging_mixin.py:188} INFO - [2026-05-26T03:52:32.401+0000] {dag.py:3823} INFO - Setting next_dagrun for weekly_forecast_pipeline to 2026-05-31 23:00:00+00:00, run_after=2026-06-07 23:00:00+00:00
[2026-05-26T03:52:32.425+0000] {processor.py:183} INFO - Processing /opt/airflow/dags/weekly_forecast_dag.py took 0.555 seconds
[2026-05-26T03:53:02.613+0000] {processor.py:161} INFO - Started process (PID=501) to work on /opt/airflow/dags/weekly_forecast_dag.py
[2026-05-26T03:53:02.614+0000] {processor.py:830} INFO - Processing file /opt/airflow/dags/weekly_forecast_dag.py for tasks to queue
[2026-05-26T03:53:02.615+0000] {logging_mixin.py:188} INFO - [2026-05-26T03:53:02.615+0000] {dagbag.py:538} INFO - Filling up the DagBag from /opt/airflow/dags/weekly_forecast_dag.py
[2026-05-26T03:53:03.049+0000] {processor.py:840} INFO - DAG(s) 'weekly_forecast_pipeline' retrieved from /opt/airflow/dags/weekly_forecast_dag.py
[2026-05-26T03:53:03.078+0000] {logging_mixin.py:188} INFO - [2026-05-26T03:53:03.078+0000] {dag.py:3036} INFO - Sync 1 DAGs
[2026-05-26T03:53:03.097+0000] {logging_mixin.py:188} INFO - [2026-05-26T03:53:03.097+0000] {dag.py:3823} INFO - Setting next_dagrun for weekly_forecast_pipeline to 2026-05-31 23:00:00+00:00, run_after=2026-06-07 23:00:00+00:00
[2026-05-26T03:53:03.117+0000] {processor.py:183} INFO - Processing /opt/airflow/dags/weekly_forecast_dag.py took 0.507 seconds
[2026-05-26T03:53:33.184+0000] {processor.py:161} INFO - Started process (PID=507) to work on /opt/airflow/dags/weekly_forecast_dag.py
[2026-05-26T03:53:33.185+0000] {processor.py:830} INFO - Processing file /opt/airflow/dags/weekly_forecast_dag.py for tasks to queue
[2026-05-26T03:53:33.186+0000] {logging_mixin.py:188} INFO - [2026-05-26T03:53:33.186+0000] {dagbag.py:538} INFO - Filling up the DagBag from /opt/airflow/dags/weekly_forecast_dag.py
[2026-05-26T03:53:33.672+0000] {processor.py:840} INFO - DAG(s) 'weekly_forecast_pipeline' retrieved from /opt/airflow/dags/weekly_forecast_dag.py
[2026-05-26T03:53:33.713+0000] {logging_mixin.py:188} INFO - [2026-05-26T03:53:33.713+0000] {dag.py:3036} INFO - Sync 1 DAGs
[2026-05-26T03:53:33.734+0000] {logging_mixin.py:188} INFO - [2026-05-26T03:53:33.734+0000] {dag.py:3823} INFO - Setting next_dagrun for weekly_forecast_pipeline to 2026-05-31 23:00:00+00:00, run_after=2026-06-07 23:00:00+00:00
[2026-05-26T03:53:33.755+0000] {processor.py:183} INFO - Processing /opt/airflow/dags/weekly_forecast_dag.py took 0.574 seconds
[2026-05-26T03:54:03.947+0000] {processor.py:161} INFO - Started process (PID=513) to work on /opt/airflow/dags/weekly_forecast_dag.py
[2026-05-26T03:54:03.948+0000] {processor.py:830} INFO - Processing file /opt/airflow/dags/weekly_forecast_dag.py for tasks to queue
[2026-05-26T03:54:03.950+0000] {logging_mixin.py:188} INFO - [2026-05-26T03:54:03.949+0000] {dagbag.py:538} INFO - Filling up the DagBag from /opt/airflow/dags/weekly_forecast_dag.py
[2026-05-26T03:54:04.429+0000] {processor.py:840} INFO - DAG(s) 'weekly_forecast_pipeline' retrieved from /opt/airflow/dags/weekly_forecast_dag.py
[2026-05-26T03:54:04.457+0000] {logging_mixin.py:188} INFO - [2026-05-26T03:54:04.457+0000] {dag.py:3036} INFO - Sync 1 DAGs
[2026-05-26T03:54:04.479+0000] {logging_mixin.py:188} INFO - [2026-05-26T03:54:04.478+0000] {dag.py:3823} INFO - Setting next_dagrun for weekly_forecast_pipeline to 2026-05-31 23:00:00+00:00, run_after=2026-06-07 23:00:00+00:00
[2026-05-26T03:54:04.501+0000] {processor.py:183} INFO - Processing /opt/airflow/dags/weekly_forecast_dag.py took 0.557 seconds
[2026-05-26T03:54:34.609+0000] {processor.py:161} INFO - Started process (PID=519) to work on /opt/airflow/dags/weekly_forecast_dag.py
[2026-05-26T03:54:34.610+0000] {processor.py:830} INFO - Processing file /opt/airflow/dags/weekly_forecast_dag.py for tasks to queue
[2026-05-26T03:54:34.611+0000] {logging_mixin.py:188} INFO - [2026-05-26T03:54:34.611+0000] {dagbag.py:538} INFO - Filling up the DagBag from /opt/airflow/dags/weekly_forecast_dag.py
[2026-05-26T03:54:35.091+0000] {processor.py:840} INFO - DAG(s) 'weekly_forecast_pipeline' retrieved from /opt/airflow/dags/weekly_forecast_dag.py
[2026-05-26T03:54:35.120+0000] {logging_mixin.py:188} INFO - [2026-05-26T03:54:35.119+0000] {dag.py:3036} INFO - Sync 1 DAGs
[2026-05-26T03:54:35.152+0000] {logging_mixin.py:188} INFO - [2026-05-26T03:54:35.152+0000] {dag.py:3823} INFO - Setting next_dagrun for weekly_forecast_pipeline to 2026-05-31 23:00:00+00:00, run_after=2026-06-07 23:00:00+00:00
[2026-05-26T03:54:35.192+0000] {processor.py:183} INFO - Processing /opt/airflow/dags/weekly_forecast_dag.py took 0.587 seconds
[2026-05-26T03:55:05.410+0000] {processor.py:161} INFO - Started process (PID=525) to work on /opt/airflow/dags/weekly_forecast_dag.py
[2026-05-26T03:55:05.412+0000] {processor.py:830} INFO - Processing file /opt/airflow/dags/weekly_forecast_dag.py for tasks to queue
[2026-05-26T03:55:05.413+0000] {logging_mixin.py:188} INFO - [2026-05-26T03:55:05.413+0000] {dagbag.py:538} INFO - Filling up the DagBag from /opt/airflow/dags/weekly_forecast_dag.py
[2026-05-26T03:55:05.973+0000] {processor.py:840} INFO - DAG(s) 'weekly_forecast_pipeline' retrieved from /opt/airflow/dags/weekly_forecast_dag.py
[2026-05-26T03:55:06.006+0000] {logging_mixin.py:188} INFO - [2026-05-26T03:55:06.006+0000] {dag.py:3036} INFO - Sync 1 DAGs
[2026-05-26T03:55:06.029+0000] {logging_mixin.py:188} INFO - [2026-05-26T03:55:06.029+0000] {dag.py:3823} INFO - Setting next_dagrun for weekly_forecast_pipeline to 2026-05-31 23:00:00+00:00, run_after=2026-06-07 23:00:00+00:00
[2026-05-26T03:55:06.052+0000] {processor.py:183} INFO - Processing /opt/airflow/dags/weekly_forecast_dag.py took 0.646 seconds
[2026-05-26T03:55:36.235+0000] {processor.py:161} INFO - Started process (PID=531) to work on /opt/airflow/dags/weekly_forecast_dag.py
[2026-05-26T03:55:36.237+0000] {processor.py:830} INFO - Processing file /opt/airflow/dags/weekly_forecast_dag.py for tasks to queue
[2026-05-26T03:55:36.238+0000] {logging_mixin.py:188} INFO - [2026-05-26T03:55:36.237+0000] {dagbag.py:538} INFO - Filling up the DagBag from /opt/airflow/dags/weekly_forecast_dag.py
[2026-05-26T03:55:36.751+0000] {processor.py:840} INFO - DAG(s) 'weekly_forecast_pipeline' retrieved from /opt/airflow/dags/weekly_forecast_dag.py
[2026-05-26T03:55:36.780+0000] {logging_mixin.py:188} INFO - [2026-05-26T03:55:36.779+0000] {dag.py:3036} INFO - Sync 1 DAGs
[2026-05-26T03:55:36.801+0000] {logging_mixin.py:188} INFO - [2026-05-26T03:55:36.801+0000] {dag.py:3823} INFO - Setting next_dagrun for weekly_forecast_pipeline to 2026-05-31 23:00:00+00:00, run_after=2026-06-07 23:00:00+00:00
[2026-05-26T03:55:36.824+0000] {processor.py:183} INFO - Processing /opt/airflow/dags/weekly_forecast_dag.py took 0.594 seconds
[2026-05-26T03:56:07.033+0000] {processor.py:161} INFO - Started process (PID=537) to work on /opt/airflow/dags/weekly_forecast_dag.py
[2026-05-26T03:56:07.035+0000] {processor.py:830} INFO - Processing file /opt/airflow/dags/weekly_forecast_dag.py for tasks to queue
[2026-05-26T03:56:07.038+0000] {logging_mixin.py:188} INFO - [2026-05-26T03:56:07.037+0000] {dagbag.py:538} INFO - Filling up the DagBag from /opt/airflow/dags/weekly_forecast_dag.py
[2026-05-26T03:56:07.638+0000] {processor.py:840} INFO - DAG(s) 'weekly_forecast_pipeline' retrieved from /opt/airflow/dags/weekly_forecast_dag.py
[2026-05-26T03:56:07.669+0000] {logging_mixin.py:188} INFO - [2026-05-26T03:56:07.669+0000] {dag.py:3036} INFO - Sync 1 DAGs
[2026-05-26T03:56:07.691+0000] {logging_mixin.py:188} INFO - [2026-05-26T03:56:07.691+0000] {dag.py:3823} INFO - Setting next_dagrun for weekly_forecast_pipeline to 2026-05-31 23:00:00+00:00, run_after=2026-06-07 23:00:00+00:00
[2026-05-26T03:56:07.713+0000] {processor.py:183} INFO - Processing /opt/airflow/dags/weekly_forecast_dag.py took 0.687 seconds
[2026-05-26T03:56:37.897+0000] {processor.py:161} INFO - Started process (PID=543) to work on /opt/airflow/dags/weekly_forecast_dag.py
[2026-05-26T03:56:37.899+0000] {processor.py:830} INFO - Processing file /opt/airflow/dags/weekly_forecast_dag.py for tasks to queue
[2026-05-26T03:56:37.900+0000] {logging_mixin.py:188} INFO - [2026-05-26T03:56:37.899+0000] {dagbag.py:538} INFO - Filling up the DagBag from /opt/airflow/dags/weekly_forecast_dag.py
[2026-05-26T03:56:38.342+0000] {processor.py:840} INFO - DAG(s) 'weekly_forecast_pipeline' retrieved from /opt/airflow/dags/weekly_forecast_dag.py
[2026-05-26T03:56:38.369+0000] {logging_mixin.py:188} INFO - [2026-05-26T03:56:38.369+0000] {dag.py:3036} INFO - Sync 1 DAGs
[2026-05-26T03:56:38.389+0000] {logging_mixin.py:188} INFO - [2026-05-26T03:56:38.389+0000] {dag.py:3823} INFO - Setting next_dagrun for weekly_forecast_pipeline to 2026-05-31 23:00:00+00:00, run_after=2026-06-07 23:00:00+00:00
[2026-05-26T03:56:38.409+0000] {processor.py:183} INFO - Processing /opt/airflow/dags/weekly_forecast_dag.py took 0.515 seconds
[2026-05-26T03:57:08.603+0000] {processor.py:161} INFO - Started process (PID=549) to work on /opt/airflow/dags/weekly_forecast_dag.py
[2026-05-26T03:57:08.605+0000] {processor.py:830} INFO - Processing file /opt/airflow/dags/weekly_forecast_dag.py for tasks to queue
[2026-05-26T03:57:08.606+0000] {logging_mixin.py:188} INFO - [2026-05-26T03:57:08.606+0000] {dagbag.py:538} INFO - Filling up the DagBag from /opt/airflow/dags/weekly_forecast_dag.py
[2026-05-26T03:57:09.211+0000] {processor.py:840} INFO - DAG(s) 'weekly_forecast_pipeline' retrieved from /opt/airflow/dags/weekly_forecast_dag.py
[2026-05-26T03:57:09.248+0000] {logging_mixin.py:188} INFO - [2026-05-26T03:57:09.247+0000] {dag.py:3036} INFO - Sync 1 DAGs
[2026-05-26T03:57:09.273+0000] {logging_mixin.py:188} INFO - [2026-05-26T03:57:09.273+0000] {dag.py:3823} INFO - Setting next_dagrun for weekly_forecast_pipeline to 2026-05-31 23:00:00+00:00, run_after=2026-06-07 23:00:00+00:00
[2026-05-26T03:57:09.292+0000] {processor.py:183} INFO - Processing /opt/airflow/dags/weekly_forecast_dag.py took 0.694 seconds
[2026-05-26T03:57:39.476+0000] {processor.py:161} INFO - Started process (PID=555) to work on /opt/airflow/dags/weekly_forecast_dag.py
[2026-05-26T03:57:39.477+0000] {processor.py:830} INFO - Processing file /opt/airflow/dags/weekly_forecast_dag.py for tasks to queue
[2026-05-26T03:57:39.478+0000] {logging_mixin.py:188} INFO - [2026-05-26T03:57:39.478+0000] {dagbag.py:538} INFO - Filling up the DagBag from /opt/airflow/dags/weekly_forecast_dag.py
[2026-05-26T03:57:39.947+0000] {processor.py:840} INFO - DAG(s) 'weekly_forecast_pipeline' retrieved from /opt/airflow/dags/weekly_forecast_dag.py
[2026-05-26T03:57:39.974+0000] {logging_mixin.py:188} INFO - [2026-05-26T03:57:39.974+0000] {dag.py:3036} INFO - Sync 1 DAGs
[2026-05-26T03:57:39.994+0000] {logging_mixin.py:188} INFO - [2026-05-26T03:57:39.994+0000] {dag.py:3823} INFO - Setting next_dagrun for weekly_forecast_pipeline to 2026-05-31 23:00:00+00:00, run_after=2026-06-07 23:00:00+00:00
[2026-05-26T03:57:40.016+0000] {processor.py:183} INFO - Processing /opt/airflow/dags/weekly_forecast_dag.py took 0.546 seconds
[2026-05-26T03:58:10.224+0000] {processor.py:161} INFO - Started process (PID=561) to work on /opt/airflow/dags/weekly_forecast_dag.py
[2026-05-26T03:58:10.225+0000] {processor.py:830} INFO - Processing file /opt/airflow/dags/weekly_forecast_dag.py for tasks to queue
[2026-05-26T03:58:10.226+0000] {logging_mixin.py:188} INFO - [2026-05-26T03:58:10.226+0000] {dagbag.py:538} INFO - Filling up the DagBag from /opt/airflow/dags/weekly_forecast_dag.py
[2026-05-26T03:58:10.729+0000] {processor.py:840} INFO - DAG(s) 'weekly_forecast_pipeline' retrieved from /opt/airflow/dags/weekly_forecast_dag.py
[2026-05-26T03:58:10.759+0000] {logging_mixin.py:188} INFO - [2026-05-26T03:58:10.759+0000] {dag.py:3036} INFO - Sync 1 DAGs
[2026-05-26T03:58:10.783+0000] {logging_mixin.py:188} INFO - [2026-05-26T03:58:10.782+0000] {dag.py:3823} INFO - Setting next_dagrun for weekly_forecast_pipeline to 2026-05-31 23:00:00+00:00, run_after=2026-06-07 23:00:00+00:00
[2026-05-26T03:58:10.807+0000] {processor.py:183} INFO - Processing /opt/airflow/dags/weekly_forecast_dag.py took 0.588 seconds
[2026-05-26T03:58:40.988+0000] {processor.py:161} INFO - Started process (PID=567) to work on /opt/airflow/dags/weekly_forecast_dag.py
[2026-05-26T03:58:40.990+0000] {processor.py:830} INFO - Processing file /opt/airflow/dags/weekly_forecast_dag.py for tasks to queue
[2026-05-26T03:58:40.992+0000] {logging_mixin.py:188} INFO - [2026-05-26T03:58:40.991+0000] {dagbag.py:538} INFO - Filling up the DagBag from /opt/airflow/dags/weekly_forecast_dag.py
[2026-05-26T03:58:41.511+0000] {processor.py:840} INFO - DAG(s) 'weekly_forecast_pipeline' retrieved from /opt/airflow/dags/weekly_forecast_dag.py
[2026-05-26T03:58:41.537+0000] {logging_mixin.py:188} INFO - [2026-05-26T03:58:41.537+0000] {dag.py:3036} INFO - Sync 1 DAGs
[2026-05-26T03:58:41.558+0000] {logging_mixin.py:188} INFO - [2026-05-26T03:58:41.558+0000] {dag.py:3823} INFO - Setting next_dagrun for weekly_forecast_pipeline to 2026-05-31 23:00:00+00:00, run_after=2026-06-07 23:00:00+00:00
[2026-05-26T03:58:41.576+0000] {processor.py:183} INFO - Processing /opt/airflow/dags/weekly_forecast_dag.py took 0.593 seconds
