[2026-05-26T03:18:43.250+0000] {manager.py:469} INFO - Processing files using up to 2 processes at a time 
[2026-05-26T03:18:43.251+0000] {manager.py:470} INFO - Process each file at most once every 30 seconds
[2026-05-26T03:18:43.251+0000] {manager.py:471} INFO - Checking for new files in /opt/airflow/dags every 300 seconds
[2026-05-26T03:18:43.252+0000] {manager.py:738} INFO - Searching for files in /opt/airflow/dags
[2026-05-26T03:18:43.282+0000] {manager.py:741} INFO - There are 1 files in /opt/airflow/dags
[2026-05-26T03:18:43.431+0000] {manager.py:879} INFO - 
================================================================================
DAG File Processing Stats

File Path                                   PID  Runtime      # DAGs    # Errors  Last Runtime    Last Run
----------------------------------------  -----  ---------  --------  ----------  --------------  ----------
/opt/airflow/dags/weekly_forecast_dag.py    226  0.06s             0           0
================================================================================
[2026-05-26T03:19:13.587+0000] {manager.py:879} INFO - 
================================================================================
DAG File Processing Stats

File Path                                 PID    Runtime      # DAGs    # Errors  Last Runtime    Last Run
----------------------------------------  -----  ---------  --------  ----------  --------------  -------------------
/opt/airflow/dags/weekly_forecast_dag.py                           1           0  2.43s           2026-05-26T03:18:45
================================================================================
[2026-05-26T03:19:43.743+0000] {manager.py:879} INFO - 
================================================================================
DAG File Processing Stats

File Path                                 PID    Runtime      # DAGs    # Errors  Last Runtime    Last Run
----------------------------------------  -----  ---------  --------  ----------  --------------  -------------------
/opt/airflow/dags/weekly_forecast_dag.py                           1           0  0.65s           2026-05-26T03:19:16
================================================================================
[2026-05-26T03:20:13.903+0000] {manager.py:879} INFO - 
================================================================================
DAG File Processing Stats

File Path                                 PID    Runtime      # DAGs    # Errors  Last Runtime    Last Run
----------------------------------------  -----  ---------  --------  ----------  --------------  -------------------
/opt/airflow/dags/weekly_forecast_dag.py                           1           0  0.72s           2026-05-26T03:19:47
================================================================================
[2026-05-26T03:20:44.054+0000] {manager.py:879} INFO - 
================================================================================
DAG File Processing Stats

File Path                                 PID    Runtime      # DAGs    # Errors  Last Runtime    Last Run
----------------------------------------  -----  ---------  --------  ----------  --------------  -------------------
/opt/airflow/dags/weekly_forecast_dag.py                           1           0  0.57s           2026-05-26T03:20:18
================================================================================
[2026-05-26T03:21:14.477+0000] {manager.py:879} INFO - 
================================================================================
DAG File Processing Stats

File Path                                 PID    Runtime      # DAGs    # Errors  Last Runtime    Last Run
----------------------------------------  -----  ---------  --------  ----------  --------------  -------------------
/opt/airflow/dags/weekly_forecast_dag.py                           1           0  0.57s           2026-05-26T03:20:48
================================================================================
[2026-05-26T03:21:44.625+0000] {manager.py:879} INFO - 
================================================================================
DAG File Processing Stats

File Path                                 PID    Runtime      # DAGs    # Errors  Last Runtime    Last Run
----------------------------------------  -----  ---------  --------  ----------  --------------  -------------------
/opt/airflow/dags/weekly_forecast_dag.py                           1           0  0.54s           2026-05-26T03:21:19
================================================================================
[2026-05-26T03:22:14.855+0000] {manager.py:879} INFO - 
================================================================================
DAG File Processing Stats

File Path                                 PID    Runtime      # DAGs    # Errors  Last Runtime    Last Run
----------------------------------------  -----  ---------  --------  ----------  --------------  -------------------
/opt/airflow/dags/weekly_forecast_dag.py                           1           0  0.56s           2026-05-26T03:21:50
================================================================================
[2026-05-26T03:22:45.007+0000] {manager.py:879} INFO - 
================================================================================
DAG File Processing Stats

File Path                                 PID    Runtime      # DAGs    # Errors  Last Runtime    Last Run
----------------------------------------  -----  ---------  --------  ----------  --------------  -------------------
/opt/airflow/dags/weekly_forecast_dag.py                           1           0  0.61s           2026-05-26T03:22:20
================================================================================
[2026-05-26T03:23:15.206+0000] {manager.py:879} INFO - 
================================================================================
DAG File Processing Stats

File Path                                 PID    Runtime      # DAGs    # Errors  Last Runtime    Last Run
----------------------------------------  -----  ---------  --------  ----------  --------------  -------------------
/opt/airflow/dags/weekly_forecast_dag.py                           1           0  0.55s           2026-05-26T03:22:51
================================================================================
[2026-05-26T03:23:43.353+0000] {manager.py:738} INFO - Searching for files in /opt/airflow/dags
[2026-05-26T03:23:43.369+0000] {manager.py:741} INFO - There are 1 files in /opt/airflow/dags
[2026-05-26T03:23:45.392+0000] {manager.py:879} INFO - 
================================================================================
DAG File Processing Stats

File Path                                 PID    Runtime      # DAGs    # Errors  Last Runtime    Last Run
----------------------------------------  -----  ---------  --------  ----------  --------------  -------------------
/opt/airflow/dags/weekly_forecast_dag.py                           1           0  0.78s           2026-05-26T03:23:22
================================================================================
[2026-05-26T03:24:15.490+0000] {manager.py:879} INFO - 
================================================================================
DAG File Processing Stats

File Path                                 PID    Runtime      # DAGs    # Errors  Last Runtime    Last Run
----------------------------------------  -----  ---------  --------  ----------  --------------  -------------------
/opt/airflow/dags/weekly_forecast_dag.py                           1           0  0.70s           2026-05-26T03:23:53
================================================================================
[2026-05-26T03:24:45.924+0000] {manager.py:879} INFO - 
================================================================================
DAG File Processing Stats

File Path                                 PID    Runtime      # DAGs    # Errors  Last Runtime    Last Run
----------------------------------------  -----  ---------  --------  ----------  --------------  -------------------
/opt/airflow/dags/weekly_forecast_dag.py                           1           0  0.64s           2026-05-26T03:24:24
================================================================================
[2026-05-26T03:25:15.994+0000] {manager.py:879} INFO - 
================================================================================
DAG File Processing Stats

File Path                                 PID    Runtime      # DAGs    # Errors  Last Runtime    Last Run
----------------------------------------  -----  ---------  --------  ----------  --------------  -------------------
/opt/airflow/dags/weekly_forecast_dag.py                           1           0  0.56s           2026-05-26T03:24:54
================================================================================
[2026-05-26T03:25:46.583+0000] {manager.py:879} INFO - 
================================================================================
DAG File Processing Stats

File Path                                 PID    Runtime      # DAGs    # Errors  Last Runtime    Last Run
----------------------------------------  -----  ---------  --------  ----------  --------------  -------------------
/opt/airflow/dags/weekly_forecast_dag.py                           1           0  0.65s           2026-05-26T03:25:25
================================================================================
[2026-05-26T03:26:16.932+0000] {manager.py:879} INFO - 
================================================================================
DAG File Processing Stats

File Path                                 PID    Runtime      # DAGs    # Errors  Last Runtime    Last Run
----------------------------------------  -----  ---------  --------  ----------  --------------  -------------------
/opt/airflow/dags/weekly_forecast_dag.py                           1           0  0.60s           2026-05-26T03:25:56
================================================================================
[2026-05-26T03:26:47.080+0000] {manager.py:879} INFO - 
================================================================================
DAG File Processing Stats

File Path                                 PID    Runtime      # DAGs    # Errors  Last Runtime    Last Run
----------------------------------------  -----  ---------  --------  ----------  --------------  -------------------
/opt/airflow/dags/weekly_forecast_dag.py                           1           0  0.61s           2026-05-26T03:26:27
================================================================================
[2026-05-26T03:27:17.140+0000] {manager.py:879} INFO - 
================================================================================
DAG File Processing Stats

File Path                                 PID    Runtime      # DAGs    # Errors  Last Runtime    Last Run
----------------------------------------  -----  ---------  --------  ----------  --------------  -------------------
/opt/airflow/dags/weekly_forecast_dag.py                           1           0  0.71s           2026-05-26T03:26:58
================================================================================
[2026-05-26T03:27:47.586+0000] {manager.py:879} INFO - 
================================================================================
DAG File Processing Stats

File Path                                 PID    Runtime      # DAGs    # Errors  Last Runtime    Last Run
----------------------------------------  -----  ---------  --------  ----------  --------------  -------------------
/opt/airflow/dags/weekly_forecast_dag.py                           1           0  0.70s           2026-05-26T03:27:28
================================================================================
[2026-05-26T03:28:17.737+0000] {manager.py:879} INFO - 
================================================================================
DAG File Processing Stats

File Path                                 PID    Runtime      # DAGs    # Errors  Last Runtime    Last Run
----------------------------------------  -----  ---------  --------  ----------  --------------  -------------------
/opt/airflow/dags/weekly_forecast_dag.py                           1           0  0.58s           2026-05-26T03:27:59
================================================================================
[2026-05-26T03:28:18.586+0000] {manager.py:451} INFO - Exiting gracefully upon receiving signal 15
